Archive member included because of file (symbol)

/usr/lib/gcc/avr/4.3.4/avr5/libgcc.a(_mulsi3.o)
                              anim_rat.o (__mulsi3)
/usr/lib/gcc/avr/4.3.4/avr5/libgcc.a(_udivmodqi4.o)
                              anim_death.o (__udivmodqi4)
/usr/lib/gcc/avr/4.3.4/avr5/libgcc.a(_udivmodhi4.o)
                              anim_death.o (__udivmodhi4)
/usr/lib/gcc/avr/4.3.4/avr5/libgcc.a(_divmodhi4.o)
                              anim_abo.o (__divmodhi4)
/usr/lib/gcc/avr/4.3.4/avr5/libgcc.a(_udivmodsi4.o)
                              anim_death.o (__udivmodsi4)
/usr/lib/gcc/avr/4.3.4/avr5/libgcc.a(_divmodsi4.o)
                              anim_death.o (__divmodsi4)
/usr/lib/gcc/avr/4.3.4/avr5/libgcc.a(_exit.o)
                              /usr/lib/gcc/avr/4.3.4/../../../avr/lib/avr5/crtm328p.o (exit)
/usr/lib/gcc/avr/4.3.4/avr5/libgcc.a(_copy_data.o)
                              anim_abo.o (__do_copy_data)
/usr/lib/gcc/avr/4.3.4/avr5/libgcc.a(_clear_bss.o)
                              anim_abo.o (__do_clear_bss)
/usr/lib/gcc/avr/4.3.4/../../../avr/lib/avr5/libc.a(strcmp.o)
                              ratt.o (strcmp)
/usr/lib/gcc/avr/4.3.4/../../../avr/lib/avr5/libc.a(eerd_byte_atmega328p.o)
                              anim_abo.o (__eerd_byte_m328p)
/usr/lib/gcc/avr/4.3.4/../../../avr/lib/avr5/libc.a(eerd_word_atmega328p.o)
                              anim_deathcfg.o (__eerd_word_m328p)
/usr/lib/gcc/avr/4.3.4/../../../avr/lib/avr5/libc.a(eewr_byte_atmega328p.o)
                              anim_deathcfg.o (__eewr_byte_m328p)
/usr/lib/gcc/avr/4.3.4/../../../avr/lib/avr5/libc.a(eewr_word_atmega328p.o)
                              anim_deathcfg.o (__eewr_word_m328p)
/usr/lib/gcc/avr/4.3.4/../../../avr/lib/avr5/libc.a(eerd_block_atmega328p.o)
                              /usr/lib/gcc/avr/4.3.4/../../../avr/lib/avr5/libc.a(eerd_word_atmega328p.o) (__eerd_blraw_m328p)

Allocating common symbols
Common symbol       size              file

cfg_gender          0x1               anim_deathcfg.o
cfg_dob_y           0x1               anim_deathcfg.o
oldleftpaddle_y     0x4               anim_rat.o
death_d             0x1               deathclock.o
cfg_dc_mode         0x1               anim_deathcfg.o
leftpaddle_y        0x4               anim_rat.o
time_h              0x1               ratt.o
cfg_dob_d           0x1               anim_deathcfg.o
cfg_bmi_weight      0x2               anim_deathcfg.o
old_m               0x1               ratt.o
time_format         0x1               ratt.o
leftpaddle_dy       0x4               anim_rat.o
ball_dy             0x4               anim_rat.o
date_y              0x1               ratt.o
alarm_m             0x1               ratt.o
ball_y              0x4               anim_rat.o
alarmticker         0x2               ratt.o
displaystyle        0x1               ratt.o
ticksremaining      0x2               anim_rat.o
volume              0x1               ratt.o
reaper_tow_rip      0x1               deathclock.o
cfg_dob_m           0x1               anim_deathcfg.o
ball_dx             0x4               anim_rat.o
date_d              0x1               ratt.o
rightpaddle_dy      0x4               anim_rat.o
reaper_x            0x2               anim_death.o
time_m              0x1               ratt.o
results             0x4               anim_death.o
old_h               0x1               ratt.o
alarm_on            0x1               ratt.o
region              0x1               ratt.o
alarm_h             0x1               ratt.o
oldball_x           0x4               anim_rat.o
death_y             0x1               deathclock.o
alarming            0x1               ratt.o
cfg_bmi_unit        0x1               anim_deathcfg.o
ball_x              0x4               anim_rat.o
key                 0x10              util.o
displaymode         0x1               ratt.o
cfg_smoker          0x1               anim_deathcfg.o
rightpaddle_y       0x4               anim_rat.o
animticker          0x2               ratt.o
RotateFlag          0x1               ratt.o
date_m              0x1               ratt.o
death_m             0x1               deathclock.o
time_s              0x1               ratt.o
alarm_tripped       0x1               ratt.o
oldrightpaddle_y    0x4               anim_rat.o
old_minutes_left    0x4               deathclock.o
old_s               0x1               ratt.o
GrLcdState          0x6               ks0108.o
display_digits      0x8               anim_death.o
oldball_y           0x4               anim_rat.o
cfg_bmi_height      0x2               anim_deathcfg.o
left_score          0x4               anim_death.o
dc_mode             0x1               deathclock.o
right_score         0x4               anim_death.o

Memory Configuration

Name             Origin             Length             Attributes
text             0x00000000         0x00020000         xr
data             0x00800060         0x0000ffa0         rw !x
eeprom           0x00810000         0x00010000         rw !x
fuse             0x00820000         0x00000400         rw !x
lock             0x00830000         0x00000400         rw !x
signature        0x00840000         0x00000400         rw !x
*default*        0x00000000         0xffffffff

Linker script and memory map

Address of section .data set to 0x800100
LOAD /usr/lib/gcc/avr/4.3.4/../../../avr/lib/avr5/crtm328p.o
LOAD anim_abo.o
LOAD anim_death.o
LOAD anim_deathcfg.o
LOAD anim_gps.o
LOAD anim_int.o
LOAD anim_rat.o
LOAD anim_sev.o
LOAD anim_ts.o
LOAD anim_xda.o
LOAD buttons.o
LOAD config.o
LOAD deathclock.o
LOAD dispatch.o
LOAD eeprom.o
LOAD glcd.o
LOAD i2c.o
LOAD ks0108.o
LOAD ratt.o
LOAD rle.o
LOAD util.o
LOAD /usr/lib/gcc/avr/4.3.4/avr5/libgcc.a
LOAD /usr/lib/gcc/avr/4.3.4/../../../avr/lib/avr5/libc.a
LOAD /usr/lib/gcc/avr/4.3.4/avr5/libgcc.a

.hash
 *(.hash)

.dynsym
 *(.dynsym)

.dynstr
 *(.dynstr)

.gnu.version
 *(.gnu.version)

.gnu.version_d
 *(.gnu.version_d)

.gnu.version_r
 *(.gnu.version_r)

.rel.init
 *(.rel.init)

.rela.init
 *(.rela.init)

.rel.text
 *(.rel.text)
 *(.rel.text.*)
 *(.rel.gnu.linkonce.t*)

.rela.text
 *(.rela.text)
 *(.rela.text.*)
 *(.rela.gnu.linkonce.t*)

.rel.fini
 *(.rel.fini)

.rela.fini
 *(.rela.fini)

.rel.rodata
 *(.rel.rodata)
 *(.rel.rodata.*)
 *(.rel.gnu.linkonce.r*)

.rela.rodata
 *(.rela.rodata)
 *(.rela.rodata.*)
 *(.rela.gnu.linkonce.r*)

.rel.data
 *(.rel.data)
 *(.rel.data.*)
 *(.rel.gnu.linkonce.d*)

.rela.data
 *(.rela.data)
 *(.rela.data.*)
 *(.rela.gnu.linkonce.d*)

.rel.ctors
 *(.rel.ctors)

.rela.ctors
 *(.rela.ctors)

.rel.dtors
 *(.rel.dtors)

.rela.dtors
 *(.rela.dtors)

.rel.got
 *(.rel.got)

.rela.got
 *(.rela.got)

.rel.bss
 *(.rel.bss)

.rela.bss
 *(.rela.bss)

.rel.plt
 *(.rel.plt)

.rela.plt
 *(.rela.plt)

.text           0x00000000     0x7870
 *(.vectors)
 .vectors       0x00000000       0x68 /usr/lib/gcc/avr/4.3.4/../../../avr/lib/avr5/crtm328p.o
                0x00000000                __vectors
                0x00000000                __vector_default
 *(.vectors)
 *(.progmem.gcc*)
 *(.progmem*)
 .progmem.data  0x00000068        0x2 anim_abo.o
                0x00000068                logo_p
 .progmem.data  0x0000006a        0x6 anim_death.o
                0x0000006a                skull0_p
                0x0000006c                reaper0_p
                0x0000006e                rip0_p
 .progmem.data  0x00000070      0x10d anim_deathcfg.o
 .progmem.data  0x0000017d       0x6a anim_gps.o
                0x0000017d                GPS_Text
 .progmem.data  0x000001e7      0x166 config.o
                0x000001e7                region_setting_table
                0x0000021b                style_setting_str
 .progmem.data  0x0000034d      0x102 deathclock.o
                0x0000034d                normal_bmi_male
                0x00000384                normal_bmi_female
                0x000003c6                sadistic_bmi_male
                0x000003d1                sadistic_bmi_female
                0x000003e7                normal_smoking_male
                0x0000040f                normal_smoking_female
                0x00000433                sadistic_smoking_male
                0x0000043b                sadistic_smoking_female
                0x00000443                day_in_month
 .progmem.data  0x0000044f        0x1 eeprom.o
                0x0000044f                EE_DATA
                0x00000450                FontGr
 .progmem.data  0x00000450      0x4f0 rle.o
                0x00000450                skull_on_white
                0x000005b2                reaper_on_white
                0x00000690                rip_on_white
                0x0000081e                adafruit
 .progmem.data  0x00000940       0x46 util.o
                0x00000986                . = ALIGN (0x2)
                0x00000986                __trampolines_start = .
 *(.trampolines)
 .trampolines   0x00000986        0x0 linker stubs
 *(.trampolines*)
                0x00000986                __trampolines_end = .
 *(.jumptables)
 *(.jumptables*)
 *(.lowtext)
 *(.lowtext*)
                0x00000986                __ctors_start = .
 *(.ctors)
                0x00000986                __ctors_end = .
                0x00000986                __dtors_start = .
 *(.dtors)
                0x00000986                __dtors_end = .
 SORT(*)(.ctors)
 SORT(*)(.dtors)
 *(.init0)
 .init0         0x00000986        0x0 /usr/lib/gcc/avr/4.3.4/../../../avr/lib/avr5/crtm328p.o
                0x00000986                __init
 *(.init0)
 *(.init1)
 *(.init1)
 *(.init2)
 .init2         0x00000986        0xc /usr/lib/gcc/avr/4.3.4/../../../avr/lib/avr5/crtm328p.o
 *(.init2)
 *(.init3)
 *(.init3)
 *(.init4)
 .init4         0x00000992       0x16 /usr/lib/gcc/avr/4.3.4/avr5/libgcc.a(_copy_data.o)
                0x00000992                __do_copy_data
 .init4         0x000009a8       0x10 /usr/lib/gcc/avr/4.3.4/avr5/libgcc.a(_clear_bss.o)
                0x000009a8                __do_clear_bss
 *(.init4)
 *(.init5)
 *(.init5)
 *(.init6)
 *(.init6)
 *(.init7)
 *(.init7)
 *(.init8)
 *(.init8)
 *(.init9)
 .init9         0x000009b8        0x8 /usr/lib/gcc/avr/4.3.4/../../../avr/lib/avr5/crtm328p.o
 *(.init9)
 *(.text)
 .text          0x000009c0        0x4 /usr/lib/gcc/avr/4.3.4/../../../avr/lib/avr5/crtm328p.o
                0x000009c0                __vector_22
                0x000009c0                __vector_1
                0x000009c0                __vector_24
                0x000009c0                __vector_12
                0x000009c0                __bad_interrupt
                0x000009c0                __vector_6
                0x000009c0                __vector_23
                0x000009c0                __vector_25
                0x000009c0                __vector_17
                0x000009c0                __vector_19
                0x000009c0                __vector_7
                0x000009c0                __vector_5
                0x000009c0                __vector_4
                0x000009c0                __vector_2
                0x000009c0                __vector_15
                0x000009c0                __vector_8
                0x000009c0                __vector_10
                0x000009c0                __vector_16
                0x000009c0                __vector_20
 .text          0x000009c4      0x108 anim_abo.o
                0x000009c4                initanim_abo
 .text          0x00000acc     0x1142 anim_death.o
                0x00000acc                death_setscore
                0x00000f90                prep_digits
                0x00001240                death_bitblit_ram
                0x00001310                death_blitsegs_rom
                0x00001482                next_border
                0x0000153c                render_image
                0x000016ba                initdisplay_death
                0x00001822                drawdisplay_death
                0x000019ae                step_death
                0x00001b88                initanim_death
 .text          0x00001c0e      0xb28 anim_deathcfg.o
                0x00001c0e                deathclock_changed
                0x00001cf2                display_smoker
                0x00001d24                display_dc_mode
                0x00001d72                display_gender
                0x00001da4                display_dob
                0x00001e58                printnumber_3d
                0x00001e8c                display_bmi_set
                0x00001f8e                display_death_menu
                0x00002076                init_set_death_menu
                0x000020be                set_deathclock_smoker
                0x00002168                set_deathclock_mode
                0x00002212                set_deathclock_gender
                0x000022bc                set_deathclock_dob
                0x000023ea                set_deathclock_bmi
                0x0000267c                initanim_deathcfg
 .text          0x00002736      0x14c anim_gps.o
                0x00002736                initanim_GPS
 .text          0x00002882        0x0 anim_int.o
 .text          0x00002882     0x13a6 anim_rat.o
                0x00002882                sine
                0x000028de                cosine
                0x000028e6                move_paddle
                0x00002938                calculate_keepout
                0x00002bae                random_angle
                0x00002c0a                calculate_dest_pos
                0x00002dbc                check_ball_digit_collision
                0x00002e4c                draw_score_rat
                0x00002eb2                drawmidline
                0x00002ef2                setscore_rat
                0x00002fb4                drawdisplay_rat
                0x0000330a                step_rat
                0x00003a82                initdisplay_rat
                0x00003b74                initanim_rat
 .text          0x00003c28        0x0 anim_sev.o
 .text          0x00003c28        0x0 anim_ts.o
 .text          0x00003c28        0x0 anim_xda.o
 .text          0x00003c28      0x204 buttons.o
                0x00003c28                initbuttons
                0x00003c56                readADC
                0x00003c7e                __vector_3
                0x00003cc8                __vector_21
 .text          0x00003e2c      0xa1e config.o
                0x00003e2c                print_style_setting
                0x00003e6e                print_region_setting
                0x00003eb8                print_alarmhour
                0x00003f42                print_timehour
                0x00003fac                print_number_slash
                0x00003fba                print_date
                0x00004058                print_backlight
                0x00004082                print_time
                0x00004110                print_alarmline
                0x00004152                print_monthday_help
                0x00004186                display_menu
                0x00004218                init_set_menu
                0x00004228                set_time
                0x0000437c                set_alarm
                0x0000446e                set_backlight
                0x00004514                set_date
                0x00004688                set_region
                0x00004762                set_style
 .text          0x0000484a      0x98e deathclock.o
                0x0000484a                is_leap_year
                0x0000487c                date_diff
                0x00004ab6                BodyMassIndex
                0x00004b28                random_days
                0x00004b82                ETD
                0x00004dea                load_raw_etd
                0x00004ef4                calc_death_date
                0x00004ff0                load_etd
 .text          0x000051d8      0x124 dispatch.o
                0x000051d8                step
                0x000051f2                initdisplay
                0x0000520c                initanim
                0x00005270                drawdisplay
 .text          0x000052fc        0x0 eeprom.o
 .text          0x000052fc      0x464 glcd.o
                0x000052fc                get_font
                0x00005306                glcdWriteCharGr
                0x00005366                glcdWriteChar
                0x000053bc                glcdPutStr_rom
                0x000053ea                glcdPutStr_ram
                0x0000540c                glcdFillRectangle
                0x000055ec                glcdFillCircle
                0x0000570e                glcdSetDot
 .text          0x00005760      0x1cc i2c.o
                0x00005760                i2cInit
                0x00005798                i2cSetBitrate
                0x000057a0                i2cSendStart
                0x000057ae                i2cSendStop
                0x000057bc                i2cWaitForComplete
                0x000057c6                i2cSendByte
                0x000057d8                i2cReceiveByte
                0x000057f4                i2cGetReceivedByte
                0x000057fa                i2cGetStatus
                0x00005800                i2cMasterSendNI
                0x0000588e                i2cMasterReceiveNI
 .text          0x0000592c      0x310 ks0108.o
                0x0000592c                glcdInitHW
                0x0000595a                glcdControllerSelect
                0x00005970                glcdBusyWait
                0x000059ca                glcdControlWrite
                0x00005a1c                glcdControlRead
                0x00005a62                glcdDataRead
                0x00005aa8                glcdReset
                0x00005aaa                glcdSetXAddress
                0x00005ade                glcdSetYAddress
                0x00005afc                glcdDataWrite
                0x00005b94                glcdStartLine
                0x00005bae                glcdSetAddress
                0x00005bc2                glcdClearScreen
                0x00005bea                glcdHome
                0x00005c0a                glcdInit
                0x00005c28                glcdGotoChar
                0x00005c3a                glcdDelay
 .text          0x00005c3c     0x10ba ratt.o
                0x00005c3c                __vector_18
                0x00005cb6                char_available
                0x00005cd8                char_read
                0x00005d16                __vector_13
                0x00005d3a                __vector_14
                0x00005dfc                __vector_11
                0x00005e20                setalarmstate
                0x00005e94                leapyear
                0x00005ec6                tick
                0x00005ec8                i2bcd
                0x00005eea                setsnooze
                0x00005f02                DecodeGPSBuffer
                0x00005f16                printnumber
                0x00005f44                GPSRead
                0x000063a4                beep
                0x000063f0                writei2ctime
                0x000064b6                GPSCheck
                0x00006514                init_eeprom
                0x00006560                readi2ctime
                0x0000673a                clock_init
                0x000067a0                __vector_9
                0x000069a8                drawArrow
                0x000069f8                main
 .text          0x00006cf6        0x0 rle.o
 .text          0x00006cf6      0x9e4 util.o
                0x00006cf6                uart_init
                0x00006d10                delay_10us
                0x00006d24                delay_ms
                0x00006d3e                delay_s
                0x00006d62                uart_putchar
                0x00006d76                uart_getchar
                0x00006d84                uart_getch
                0x00006d8c                ROM_putstring
                0x00006dce                uart_puts
                0x00006de8                uart_putc_hex
                0x00006e3a                uart_putw_hex
                0x00006e4e                uart_putdw_hex
                0x00006e74                uart_putw_dec
                0x00006eea                uart_put_dec
                0x00006f66                uart_putdw_dec
                0x00007044                dotw
                0x000070cc                hours
                0x000070ec                encipher
                0x00007276                init_crand_consistent
                0x00007340                init_crand
                0x00007352                crand
                0x000073f6                intersectrect
                0x0000744a                add_month
                0x000074bc                check_timeout
                0x0000752a                PRINT_MENU_LINE
                0x0000756e                PRINT_MENU
                0x000075be                PRINT_MENU_OPTS
                0x000075d2                print_menu_change
                0x000075e0                print_menu_exit
                0x000075f6                print_menu_advance
                0x0000760c                drawbigdigit
 .text          0x000076da        0x0 /usr/lib/gcc/avr/4.3.4/avr5/libgcc.a(_mulsi3.o)
 .text          0x000076da        0x0 /usr/lib/gcc/avr/4.3.4/avr5/libgcc.a(_udivmodqi4.o)
 .text          0x000076da        0x0 /usr/lib/gcc/avr/4.3.4/avr5/libgcc.a(_udivmodhi4.o)
 .text          0x000076da        0x0 /usr/lib/gcc/avr/4.3.4/avr5/libgcc.a(_divmodhi4.o)
 .text          0x000076da        0x0 /usr/lib/gcc/avr/4.3.4/avr5/libgcc.a(_udivmodsi4.o)
 .text          0x000076da        0x0 /usr/lib/gcc/avr/4.3.4/avr5/libgcc.a(_divmodsi4.o)
 .text          0x000076da        0x0 /usr/lib/gcc/avr/4.3.4/avr5/libgcc.a(_exit.o)
 .text          0x000076da        0x0 /usr/lib/gcc/avr/4.3.4/avr5/libgcc.a(_copy_data.o)
 .text          0x000076da        0x0 /usr/lib/gcc/avr/4.3.4/avr5/libgcc.a(_clear_bss.o)
 .text          0x000076da        0x0 /usr/lib/gcc/avr/4.3.4/../../../avr/lib/avr5/libc.a(strcmp.o)
 .text          0x000076da        0x0 /usr/lib/gcc/avr/4.3.4/../../../avr/lib/avr5/libc.a(eerd_byte_atmega328p.o)
 .text          0x000076da        0x0 /usr/lib/gcc/avr/4.3.4/../../../avr/lib/avr5/libc.a(eerd_word_atmega328p.o)
 .text          0x000076da        0x0 /usr/lib/gcc/avr/4.3.4/../../../avr/lib/avr5/libc.a(eewr_byte_atmega328p.o)
 .text          0x000076da        0x0 /usr/lib/gcc/avr/4.3.4/../../../avr/lib/avr5/libc.a(eewr_word_atmega328p.o)
 .text          0x000076da        0x0 /usr/lib/gcc/avr/4.3.4/../../../avr/lib/avr5/libc.a(eerd_block_atmega328p.o)
                0x000076da                . = ALIGN (0x2)
 *(.text.*)
 .text.libgcc   0x000076da       0x3e /usr/lib/gcc/avr/4.3.4/avr5/libgcc.a(_mulsi3.o)
                0x000076da                __mulsi3
 .text.libgcc   0x00007718       0x18 /usr/lib/gcc/avr/4.3.4/avr5/libgcc.a(_udivmodqi4.o)
                0x00007718                __udivmodqi4
 .text.libgcc   0x00007730       0x28 /usr/lib/gcc/avr/4.3.4/avr5/libgcc.a(_udivmodhi4.o)
                0x00007730                __udivmodhi4
 .text.libgcc   0x00007758       0x26 /usr/lib/gcc/avr/4.3.4/avr5/libgcc.a(_divmodhi4.o)
                0x00007758                __divmodhi4
                0x00007758                _div
 .text.libgcc   0x0000777e       0x44 /usr/lib/gcc/avr/4.3.4/avr5/libgcc.a(_udivmodsi4.o)
                0x0000777e                __udivmodsi4
 .text.libgcc   0x000077c2       0x36 /usr/lib/gcc/avr/4.3.4/avr5/libgcc.a(_divmodsi4.o)
                0x000077c2                __divmodsi4
 .text.libgcc   0x000077f8        0x0 /usr/lib/gcc/avr/4.3.4/avr5/libgcc.a(_exit.o)
 .text.libgcc   0x000077f8        0x0 /usr/lib/gcc/avr/4.3.4/avr5/libgcc.a(_copy_data.o)
 .text.libgcc   0x000077f8        0x0 /usr/lib/gcc/avr/4.3.4/avr5/libgcc.a(_clear_bss.o)
 .text.avr-libc
                0x000077f8       0x12 /usr/lib/gcc/avr/4.3.4/../../../avr/lib/avr5/libc.a(strcmp.o)
                0x000077f8                strcmp
 .text.avr-libc
                0x0000780a       0x10 /usr/lib/gcc/avr/4.3.4/../../../avr/lib/avr5/libc.a(eerd_byte_atmega328p.o)
                0x0000780a                __eerd_byte_m328p
 .text.avr-libc
                0x0000781a        0xc /usr/lib/gcc/avr/4.3.4/../../../avr/lib/avr5/libc.a(eerd_word_atmega328p.o)
                0x0000781a                __eerd_word_m328p
 .text.avr-libc
                0x00007826       0x1c /usr/lib/gcc/avr/4.3.4/../../../avr/lib/avr5/libc.a(eewr_byte_atmega328p.o)
                0x00007826                __eewr_byte_m328p
                0x00007828                __eewr_r18_m328p
 .text.avr-libc
                0x00007842        0xa /usr/lib/gcc/avr/4.3.4/../../../avr/lib/avr5/libc.a(eewr_word_atmega328p.o)
                0x00007842                __eewr_word_m328p
 .text.avr-libc
                0x0000784c       0x20 /usr/lib/gcc/avr/4.3.4/../../../avr/lib/avr5/libc.a(eerd_block_atmega328p.o)
                0x0000784c                __eerd_block_m328p
                0x00007850                __eerd_blraw_m328p
                0x0000786c                . = ALIGN (0x2)
 *(.fini9)
 .fini9         0x0000786c        0x0 /usr/lib/gcc/avr/4.3.4/avr5/libgcc.a(_exit.o)
                0x0000786c                exit
                0x0000786c                _exit
 *(.fini9)
 *(.fini8)
 *(.fini8)
 *(.fini7)
 *(.fini7)
 *(.fini6)
 *(.fini6)
 *(.fini5)
 *(.fini5)
 *(.fini4)
 *(.fini4)
 *(.fini3)
 *(.fini3)
 *(.fini2)
 *(.fini2)
 *(.fini1)
 *(.fini1)
 *(.fini0)
 .fini0         0x0000786c        0x4 /usr/lib/gcc/avr/4.3.4/avr5/libgcc.a(_exit.o)
 *(.fini0)
                0x00007870                _etext = .

.data           0x00800100       0xf2 load address 0x00007870
                0x00800100                PROVIDE (__data_start, .)
 *(.data)
 .data          0x00800100        0x0 /usr/lib/gcc/avr/4.3.4/../../../avr/lib/avr5/crtm328p.o
 .data          0x00800100        0x0 anim_abo.o
 .data          0x00800100        0x2 anim_death.o
 .data          0x00800102        0x8 anim_deathcfg.o
 .data          0x0080010a        0x0 anim_gps.o
 .data          0x0080010a        0x0 anim_int.o
 .data          0x0080010a       0x80 anim_rat.o
                0x0080010a                sine_table
 .data          0x0080018a        0x0 anim_sev.o
 .data          0x0080018a        0x0 anim_ts.o
 .data          0x0080018a        0x0 anim_xda.o
 .data          0x0080018a        0x0 buttons.o
 .data          0x0080018a        0x6 config.o
                0x0080018a                next_mode_setdate
                0x0080018c                next_mode_setmonth
                0x0080018e                next_mode_setday
 .data          0x00800190       0x40 deathclock.o
                0x00800190                bmi_table_offset
                0x00800198                bmi_table_count
                0x008001a0                smoking_table_offset
                0x008001a8                smoking_table_count
                0x008001b0                days_table
 .data          0x008001d0        0x0 dispatch.o
 .data          0x008001d0        0x0 eeprom.o
 .data          0x008001d0        0x0 glcd.o
 .data          0x008001d0        0x0 i2c.o
 .data          0x008001d0        0x0 ks0108.o
 .data          0x008001d0       0x21 ratt.o
                0x008001e4                timeunknown
 .data          0x008001f1        0x0 rle.o
 .data          0x008001f1        0x0 util.o
 .data          0x008001f1        0x0 /usr/lib/gcc/avr/4.3.4/avr5/libgcc.a(_mulsi3.o)
 .data          0x008001f1        0x0 /usr/lib/gcc/avr/4.3.4/avr5/libgcc.a(_udivmodqi4.o)
 .data          0x008001f1        0x0 /usr/lib/gcc/avr/4.3.4/avr5/libgcc.a(_udivmodhi4.o)
 .data          0x008001f1        0x0 /usr/lib/gcc/avr/4.3.4/avr5/libgcc.a(_divmodhi4.o)
 .data          0x008001f1        0x0 /usr/lib/gcc/avr/4.3.4/avr5/libgcc.a(_udivmodsi4.o)
 .data          0x008001f1        0x0 /usr/lib/gcc/avr/4.3.4/avr5/libgcc.a(_divmodsi4.o)
 .data          0x008001f1        0x0 /usr/lib/gcc/avr/4.3.4/avr5/libgcc.a(_exit.o)
 .data          0x008001f1        0x0 /usr/lib/gcc/avr/4.3.4/avr5/libgcc.a(_copy_data.o)
 .data          0x008001f1        0x0 /usr/lib/gcc/avr/4.3.4/avr5/libgcc.a(_clear_bss.o)
 .data          0x008001f1        0x0 /usr/lib/gcc/avr/4.3.4/../../../avr/lib/avr5/libc.a(strcmp.o)
 .data          0x008001f1        0x0 /usr/lib/gcc/avr/4.3.4/../../../avr/lib/avr5/libc.a(eerd_byte_atmega328p.o)
 .data          0x008001f1        0x0 /usr/lib/gcc/avr/4.3.4/../../../avr/lib/avr5/libc.a(eerd_word_atmega328p.o)
 .data          0x008001f1        0x0 /usr/lib/gcc/avr/4.3.4/../../../avr/lib/avr5/libc.a(eewr_byte_atmega328p.o)
 .data          0x008001f1        0x0 /usr/lib/gcc/avr/4.3.4/../../../avr/lib/avr5/libc.a(eewr_word_atmega328p.o)
 .data          0x008001f1        0x0 /usr/lib/gcc/avr/4.3.4/../../../avr/lib/avr5/libc.a(eerd_block_atmega328p.o)
 *(.data*)
 *(.rodata)
 *(.rodata*)
 *(.gnu.linkonce.d*)
                0x008001f2                . = ALIGN (0x2)
 *fill*         0x008001f1        0x1 00
                0x008001f2                _edata = .
                0x008001f2                PROVIDE (__data_end, .)

.bss            0x008001f2      0x160
                0x008001f2                PROVIDE (__bss_start, .)
 *(.bss)
 .bss           0x008001f2        0x0 /usr/lib/gcc/avr/4.3.4/../../../avr/lib/avr5/crtm328p.o
 .bss           0x008001f2        0x0 anim_abo.o
 .bss           0x008001f2        0x9 anim_death.o
                0x008001f2                border_tick
                0x008001f3                redraw_time
                0x008001f4                last_score_mode
 .bss           0x008001fb        0x0 anim_deathcfg.o
 .bss           0x008001fb        0x0 anim_gps.o
 .bss           0x008001fb        0x0 anim_int.o
 .bss           0x008001fb       0x12 anim_rat.o
                0x008001fb                redraw_time_rat
                0x008001fc                last_score_mode_rat
 .bss           0x0080020d        0x0 anim_sev.o
 .bss           0x0080020d        0x0 anim_ts.o
 .bss           0x0080020d        0x0 anim_xda.o
 .bss           0x0080020d        0x5 buttons.o
                0x0080020d                last_buttonstate
                0x0080020e                debounce
                0x0080020f                just_pressed
                0x00800210                pressed
                0x00800211                buttonholdcounter
 .bss           0x00800212        0x2 config.o
                0x00800212                timeoutcounter
                0x00800213                screenmutex
 .bss           0x00800214        0x4 deathclock.o
                0x00800214                minutes_left
 .bss           0x00800218        0x0 dispatch.o
 .bss           0x00800218        0x0 eeprom.o
 .bss           0x00800218        0x0 glcd.o
 .bss           0x00800218        0x5 i2c.o
 .bss           0x0080021d        0x0 ks0108.o
 .bss           0x0080021d       0xa3 ratt.o
                0x0080021d                sleepmode
                0x0080021e                minute_changed
                0x0080021f                hour_changed
                0x00800220                second_changed
                0x00800221                score_mode_timeout
                0x00800222                score_mode
                0x00800223                gpsenable
                0x00800224                timezone
                0x00800225                timezonehour
                0x00800226                timezonemin
                0x00800227                rx_buffer
                0x008002ab                snoozetimer
                0x008002ad                millis
                0x008002af                t2divider1
                0x008002b0                t2divider2
 .bss           0x008002c0        0x0 rle.o
 .bss           0x008002c0        0x8 util.o
                0x008002c0                rval
 .bss           0x008002c8        0x0 /usr/lib/gcc/avr/4.3.4/avr5/libgcc.a(_mulsi3.o)
 .bss           0x008002c8        0x0 /usr/lib/gcc/avr/4.3.4/avr5/libgcc.a(_udivmodqi4.o)
 .bss           0x008002c8        0x0 /usr/lib/gcc/avr/4.3.4/avr5/libgcc.a(_udivmodhi4.o)
 .bss           0x008002c8        0x0 /usr/lib/gcc/avr/4.3.4/avr5/libgcc.a(_divmodhi4.o)
 .bss           0x008002c8        0x0 /usr/lib/gcc/avr/4.3.4/avr5/libgcc.a(_udivmodsi4.o)
 .bss           0x008002c8        0x0 /usr/lib/gcc/avr/4.3.4/avr5/libgcc.a(_divmodsi4.o)
 .bss           0x008002c8        0x0 /usr/lib/gcc/avr/4.3.4/avr5/libgcc.a(_exit.o)
 .bss           0x008002c8        0x0 /usr/lib/gcc/avr/4.3.4/avr5/libgcc.a(_copy_data.o)
 .bss           0x008002c8        0x0 /usr/lib/gcc/avr/4.3.4/avr5/libgcc.a(_clear_bss.o)
 .bss           0x008002c8        0x0 /usr/lib/gcc/avr/4.3.4/../../../avr/lib/avr5/libc.a(strcmp.o)
 .bss           0x008002c8        0x0 /usr/lib/gcc/avr/4.3.4/../../../avr/lib/avr5/libc.a(eerd_byte_atmega328p.o)
 .bss           0x008002c8        0x0 /usr/lib/gcc/avr/4.3.4/../../../avr/lib/avr5/libc.a(eerd_word_atmega328p.o)
 .bss           0x008002c8        0x0 /usr/lib/gcc/avr/4.3.4/../../../avr/lib/avr5/libc.a(eewr_byte_atmega328p.o)
 .bss           0x008002c8        0x0 /usr/lib/gcc/avr/4.3.4/../../../avr/lib/avr5/libc.a(eewr_word_atmega328p.o)
 .bss           0x008002c8        0x0 /usr/lib/gcc/avr/4.3.4/../../../avr/lib/avr5/libc.a(eerd_block_atmega328p.o)
 *(.bss*)
 *(COMMON)
 COMMON         0x008002c8       0x16 anim_death.o
                0x008002c8                reaper_x
                0x008002ca                results
                0x008002ce                display_digits
                0x008002d6                left_score
                0x008002da                right_score
 COMMON         0x008002de        0xb anim_deathcfg.o
                0x008002de                cfg_gender
                0x008002df                cfg_dob_y
                0x008002e0                cfg_dc_mode
                0x008002e1                cfg_dob_d
                0x008002e2                cfg_bmi_weight
                0x008002e4                cfg_dob_m
                0x008002e5                cfg_bmi_unit
                0x008002e6                cfg_smoker
                0x008002e7                cfg_bmi_height
 COMMON         0x008002e9       0x32 anim_rat.o
                0x008002e9                oldleftpaddle_y
                0x008002ed                leftpaddle_y
                0x008002f1                leftpaddle_dy
                0x008002f5                ball_dy
                0x008002f9                ball_y
                0x008002fd                ticksremaining
                0x008002ff                ball_dx
                0x00800303                rightpaddle_dy
                0x00800307                oldball_x
                0x0080030b                ball_x
                0x0080030f                rightpaddle_y
                0x00800313                oldrightpaddle_y
                0x00800317                oldball_y
 COMMON         0x0080031b        0x9 deathclock.o
                0x0080031b                death_d
                0x0080031c                reaper_tow_rip
                0x0080031d                death_y
                0x0080031e                death_m
                0x0080031f                old_minutes_left
                0x00800323                dc_mode
 COMMON         0x00800324        0x6 ks0108.o
                0x00800324                GrLcdState
 COMMON         0x0080032a       0x18 ratt.o
                0x0080032a                time_h
                0x0080032b                old_m
                0x0080032c                time_format
                0x0080032d                date_y
                0x0080032e                alarm_m
                0x0080032f                alarmticker
                0x00800331                displaystyle
                0x00800332                volume
                0x00800333                date_d
                0x00800334                time_m
                0x00800335                old_h
                0x00800336                alarm_on
                0x00800337                region
                0x00800338                alarm_h
                0x00800339                alarming
                0x0080033a                displaymode
                0x0080033b                animticker
                0x0080033d                RotateFlag
                0x0080033e                date_m
                0x0080033f                time_s
                0x00800340                alarm_tripped
                0x00800341                old_s
 COMMON         0x00800342       0x10 util.o
                0x00800342                key
                0x00800352                PROVIDE (__bss_end, .)
                0x00007870                __data_load_start = LOADADDR (.data)
                0x00007962                __data_load_end = (__data_load_start + SIZEOF (.data))

.noinit         0x00800352        0x0
                0x00800352                PROVIDE (__noinit_start, .)
 *(.noinit*)
                0x00800352                PROVIDE (__noinit_end, .)
                0x00800352                _end = .
                0x00800352                PROVIDE (__heap_start, .)

.eeprom         0x00810000      0x3a0
 *(.eeprom*)
 .eeprom        0x00810000      0x3a0 eeprom.o
                0x00810000                EE_INIT
                0x00810001                EE_ALARM_HOUR
                0x00810002                EE_ALARM_MIN
                0x00810003                EE_BRIGHT
                0x00810004                EE_REGION
                0x00810005                EE_TIME_FORMAT
                0x00810006                EE_SNOOZE
                0x00810007                EE_STYLE
                0x00810008                EE_DOB_MONTH
                0x00810009                EE_DOB_DAY
                0x0081000a                EE_DOB_YEAR
                0x0081000b                EE_SET_MONTH
                0x0081000c                EE_SET_DAY
                0x0081000d                EE_SET_YEAR
                0x0081000e                EE_GENDER
                0x0081000f                EE_DC_MODE
                0x00810010                EE_BMI_UNIT
                0x00810011                EE_BMI_WEIGHT
                0x00810013                EE_BMI_HEIGHT
                0x00810015                EE_SMOKER
                0x00810016                EE_SET_HOUR
                0x00810017                EE_SET_MIN
                0x00810018                EE_SET_SEC
                0x00810019                EE_TIMEZONE
                0x0081001a                BigFont
                0x00810062                Font5x7
                0x00810242                about
                0x008103a0                __eeprom_end = .

.fuse
 *(.fuse)
 *(.lfuse)
 *(.hfuse)
 *(.efuse)

.lock
 *(.lock*)

.signature
 *(.signature*)

.stab           0x00000000     0xdfd4
 *(.stab)
 .stab          0x00000000      0x6b4 /usr/lib/gcc/avr/4.3.4/../../../avr/lib/avr5/crtm328p.o
 .stab          0x000006b4      0x738 anim_abo.o
                                0x744 (size before relaxing)
 .stab          0x00000dec     0x1464 anim_death.o
                               0x18b4 (size before relaxing)
 .stab          0x00002250     0x1608 anim_deathcfg.o
                               0x1a28 (size before relaxing)
 .stab          0x00003858      0x384 anim_gps.o
                                0x7d4 (size before relaxing)
 .stab          0x00003bdc      0x18c anim_int.o
                                0x5dc (size before relaxing)
 .stab          0x00003d68     0x117c anim_rat.o
                               0x15cc (size before relaxing)
 .stab          0x00004ee4      0x18c anim_sev.o
                                0x5dc (size before relaxing)
 .stab          0x00005070      0x18c anim_ts.o
                                0x5dc (size before relaxing)
 .stab          0x000051fc      0x18c anim_xda.o
                                0x5dc (size before relaxing)
 .stab          0x00005388      0x57c buttons.o
                                0x99c (size before relaxing)
 .stab          0x00005904     0x168c config.o
                               0x1aac (size before relaxing)
 .stab          0x00006f90      0xd68 deathclock.o
                               0x1050 (size before relaxing)
 .stab          0x00007cf8      0x3cc dispatch.o
                                0x6e4 (size before relaxing)
 .stab          0x000080c4      0x2b8 eeprom.o
                                0x5a0 (size before relaxing)
 .stab          0x0000837c      0xabc glcd.o
                                0xe88 (size before relaxing)
 .stab          0x00008e38      0x840 i2c.o
                                0xba0 (size before relaxing)
 .stab          0x00009678      0xde0 ks0108.o
                               0x1188 (size before relaxing)
 .stab          0x0000a458     0x1f20 ratt.o
                               0x2274 (size before relaxing)
 .stab          0x0000c378      0x168 rle.o
                                0x414 (size before relaxing)
 .stab          0x0000c4e0     0x1734 util.o
                               0x1b84 (size before relaxing)
 .stab          0x0000dc14       0x84 /usr/lib/gcc/avr/4.3.4/../../../avr/lib/avr5/libc.a(strcmp.o)
                                 0x90 (size before relaxing)
 .stab          0x0000dc98       0x90 /usr/lib/gcc/avr/4.3.4/../../../avr/lib/avr5/libc.a(eerd_byte_atmega328p.o)
                                 0x9c (size before relaxing)
 .stab          0x0000dd28       0x6c /usr/lib/gcc/avr/4.3.4/../../../avr/lib/avr5/libc.a(eerd_word_atmega328p.o)
                                 0x78 (size before relaxing)
 .stab          0x0000dd94       0xe4 /usr/lib/gcc/avr/4.3.4/../../../avr/lib/avr5/libc.a(eewr_byte_atmega328p.o)
                                 0xf0 (size before relaxing)
 .stab          0x0000de78       0x54 /usr/lib/gcc/avr/4.3.4/../../../avr/lib/avr5/libc.a(eewr_word_atmega328p.o)
                                 0x60 (size before relaxing)
 .stab          0x0000decc      0x108 /usr/lib/gcc/avr/4.3.4/../../../avr/lib/avr5/libc.a(eerd_block_atmega328p.o)
                                0x114 (size before relaxing)

.stabstr        0x00000000     0x437e
 *(.stabstr)
 .stabstr       0x00000000     0x437e /usr/lib/gcc/avr/4.3.4/../../../avr/lib/avr5/crtm328p.o

.stab.excl
 *(.stab.excl)

.stab.exclstr
 *(.stab.exclstr)

.stab.index
 *(.stab.index)

.stab.indexstr
 *(.stab.indexstr)

.comment
 *(.comment)

.debug
 *(.debug)

.line
 *(.line)

.debug_srcinfo
 *(.debug_srcinfo)

.debug_sfnames
 *(.debug_sfnames)

.debug_aranges
 *(.debug_aranges)

.debug_pubnames
 *(.debug_pubnames)

.debug_info
 *(.debug_info)
 *(.gnu.linkonce.wi.*)

.debug_abbrev
 *(.debug_abbrev)

.debug_line
 *(.debug_line)

.debug_frame
 *(.debug_frame)

.debug_str
 *(.debug_str)

.debug_loc
 *(.debug_loc)

.debug_macinfo
 *(.debug_macinfo)
OUTPUT(MultiChronB.elf elf32-avr)
LOAD linker stubs

Cross Reference Table

Symbol                                            File
BigFont                                           eeprom.o
                                                  util.o
BodyMassIndex                                     deathclock.o
DecodeGPSBuffer                                   ratt.o
EE_ALARM_HOUR                                     eeprom.o
                                                  ratt.o
                                                  config.o
EE_ALARM_MIN                                      eeprom.o
                                                  ratt.o
                                                  config.o
EE_BMI_HEIGHT                                     eeprom.o
                                                  deathclock.o
                                                  anim_deathcfg.o
EE_BMI_UNIT                                       eeprom.o
                                                  deathclock.o
                                                  anim_deathcfg.o
EE_BMI_WEIGHT                                     eeprom.o
                                                  deathclock.o
                                                  anim_deathcfg.o
EE_BRIGHT                                         eeprom.o
                                                  ratt.o
                                                  config.o
EE_DATA                                           eeprom.o
                                                  ratt.o
EE_DC_MODE                                        eeprom.o
                                                  deathclock.o
                                                  anim_deathcfg.o
EE_DOB_DAY                                        eeprom.o
                                                  deathclock.o
                                                  anim_deathcfg.o
EE_DOB_MONTH                                      eeprom.o
                                                  deathclock.o
                                                  anim_deathcfg.o
EE_DOB_YEAR                                       eeprom.o
                                                  deathclock.o
                                                  anim_deathcfg.o
EE_GENDER                                         eeprom.o
                                                  deathclock.o
                                                  anim_deathcfg.o
EE_INIT                                           eeprom.o
                                                  ratt.o
EE_REGION                                         eeprom.o
                                                  ratt.o
                                                  config.o
EE_SET_DAY                                        eeprom.o
                                                  deathclock.o
                                                  anim_deathcfg.o
EE_SET_HOUR                                       eeprom.o
                                                  deathclock.o
                                                  anim_deathcfg.o
EE_SET_MIN                                        eeprom.o
                                                  deathclock.o
                                                  anim_deathcfg.o
EE_SET_MONTH                                      eeprom.o
                                                  deathclock.o
                                                  anim_deathcfg.o
EE_SET_SEC                                        eeprom.o
                                                  deathclock.o
                                                  anim_deathcfg.o
EE_SET_YEAR                                       eeprom.o
                                                  deathclock.o
                                                  anim_deathcfg.o
EE_SMOKER                                         eeprom.o
                                                  deathclock.o
                                                  anim_deathcfg.o
EE_SNOOZE                                         eeprom.o
EE_STYLE                                          eeprom.o
                                                  ratt.o
                                                  config.o
                                                  anim_gps.o
                                                  anim_deathcfg.o
                                                  anim_abo.o
EE_TIMEZONE                                       eeprom.o
                                                  ratt.o
                                                  anim_gps.o
EE_TIME_FORMAT                                    eeprom.o
                                                  ratt.o
                                                  config.o
ETD                                               deathclock.o
Font5x7                                           eeprom.o
                                                  glcd.o
FontGr                                            eeprom.o
                                                  glcd.o
GPSCheck                                          ratt.o
GPSRead                                           ratt.o
GPS_Text                                          anim_gps.o
GrLcdState                                        ks0108.o
PRINT_MENU                                        util.o
PRINT_MENU_LINE                                   util.o
PRINT_MENU_OPTS                                   util.o
                                                  config.o
                                                  anim_deathcfg.o
ROM_putstring                                     util.o
RotateFlag                                        ratt.o
                                                  dispatch.o
                                                  config.o
__bad_interrupt                                   /usr/lib/gcc/avr/4.3.4/../../../avr/lib/avr5/crtm328p.o
__bss_end                                         /usr/lib/gcc/avr/4.3.4/avr5/libgcc.a(_clear_bss.o)
__bss_start                                       /usr/lib/gcc/avr/4.3.4/avr5/libgcc.a(_clear_bss.o)
__data_end                                        /usr/lib/gcc/avr/4.3.4/avr5/libgcc.a(_copy_data.o)
__data_load_start                                 /usr/lib/gcc/avr/4.3.4/avr5/libgcc.a(_copy_data.o)
__data_start                                      /usr/lib/gcc/avr/4.3.4/avr5/libgcc.a(_copy_data.o)
__divmodhi4                                       /usr/lib/gcc/avr/4.3.4/avr5/libgcc.a(_divmodhi4.o)
                                                  util.o
                                                  ratt.o
                                                  config.o
                                                  anim_deathcfg.o
                                                  anim_death.o
                                                  anim_abo.o
__divmodsi4                                       /usr/lib/gcc/avr/4.3.4/avr5/libgcc.a(_divmodsi4.o)
                                                  ratt.o
                                                  anim_rat.o
                                                  anim_death.o
__do_clear_bss                                    /usr/lib/gcc/avr/4.3.4/avr5/libgcc.a(_clear_bss.o)
                                                  util.o
                                                  rle.o
                                                  ratt.o
                                                  ks0108.o
                                                  i2c.o
                                                  glcd.o
                                                  eeprom.o
                                                  dispatch.o
                                                  deathclock.o
                                                  config.o
                                                  buttons.o
                                                  anim_xda.o
                                                  anim_ts.o
                                                  anim_sev.o
                                                  anim_rat.o
                                                  anim_int.o
                                                  anim_gps.o
                                                  anim_deathcfg.o
                                                  anim_death.o
                                                  anim_abo.o
__do_copy_data                                    /usr/lib/gcc/avr/4.3.4/avr5/libgcc.a(_copy_data.o)
                                                  util.o
                                                  rle.o
                                                  ratt.o
                                                  ks0108.o
                                                  i2c.o
                                                  glcd.o
                                                  eeprom.o
                                                  dispatch.o
                                                  deathclock.o
                                                  config.o
                                                  buttons.o
                                                  anim_xda.o
                                                  anim_ts.o
                                                  anim_sev.o
                                                  anim_rat.o
                                                  anim_int.o
                                                  anim_gps.o
                                                  anim_deathcfg.o
                                                  anim_death.o
                                                  anim_abo.o
__eerd_block_m328p                                /usr/lib/gcc/avr/4.3.4/../../../avr/lib/avr5/libc.a(eerd_block_atmega328p.o)
__eerd_blraw_m328p                                /usr/lib/gcc/avr/4.3.4/../../../avr/lib/avr5/libc.a(eerd_block_atmega328p.o)
                                                  /usr/lib/gcc/avr/4.3.4/../../../avr/lib/avr5/libc.a(eerd_word_atmega328p.o)
__eerd_byte_m328p                                 /usr/lib/gcc/avr/4.3.4/../../../avr/lib/avr5/libc.a(eerd_byte_atmega328p.o)
                                                  util.o
                                                  ratt.o
                                                  glcd.o
                                                  deathclock.o
                                                  config.o
                                                  anim_gps.o
                                                  anim_deathcfg.o
                                                  anim_abo.o
__eerd_word_m328p                                 /usr/lib/gcc/avr/4.3.4/../../../avr/lib/avr5/libc.a(eerd_word_atmega328p.o)
                                                  deathclock.o
                                                  anim_deathcfg.o
__eewr_byte_m328p                                 /usr/lib/gcc/avr/4.3.4/../../../avr/lib/avr5/libc.a(eewr_byte_atmega328p.o)
                                                  /usr/lib/gcc/avr/4.3.4/../../../avr/lib/avr5/libc.a(eewr_word_atmega328p.o)
                                                  ratt.o
                                                  config.o
                                                  anim_gps.o
                                                  anim_deathcfg.o
__eewr_r18_m328p                                  /usr/lib/gcc/avr/4.3.4/../../../avr/lib/avr5/libc.a(eewr_byte_atmega328p.o)
                                                  /usr/lib/gcc/avr/4.3.4/../../../avr/lib/avr5/libc.a(eewr_word_atmega328p.o)
__eewr_word_m328p                                 /usr/lib/gcc/avr/4.3.4/../../../avr/lib/avr5/libc.a(eewr_word_atmega328p.o)
                                                  anim_deathcfg.o
__heap_end                                        /usr/lib/gcc/avr/4.3.4/../../../avr/lib/avr5/crtm328p.o
__init                                            /usr/lib/gcc/avr/4.3.4/../../../avr/lib/avr5/crtm328p.o
__mulsi3                                          /usr/lib/gcc/avr/4.3.4/avr5/libgcc.a(_mulsi3.o)
                                                  util.o
                                                  deathclock.o
                                                  anim_rat.o
__stack                                           /usr/lib/gcc/avr/4.3.4/../../../avr/lib/avr5/crtm328p.o
__udivmodhi4                                      /usr/lib/gcc/avr/4.3.4/avr5/libgcc.a(_udivmodhi4.o)
                                                  /usr/lib/gcc/avr/4.3.4/avr5/libgcc.a(_divmodhi4.o)
                                                  util.o
                                                  ratt.o
                                                  deathclock.o
                                                  anim_deathcfg.o
                                                  anim_death.o
__udivmodqi4                                      /usr/lib/gcc/avr/4.3.4/avr5/libgcc.a(_udivmodqi4.o)
                                                  ratt.o
                                                  anim_rat.o
                                                  anim_death.o
__udivmodsi4                                      /usr/lib/gcc/avr/4.3.4/avr5/libgcc.a(_udivmodsi4.o)
                                                  /usr/lib/gcc/avr/4.3.4/avr5/libgcc.a(_divmodsi4.o)
                                                  util.o
                                                  deathclock.o
                                                  anim_rat.o
                                                  anim_death.o
__vector_1                                        /usr/lib/gcc/avr/4.3.4/../../../avr/lib/avr5/crtm328p.o
__vector_10                                       /usr/lib/gcc/avr/4.3.4/../../../avr/lib/avr5/crtm328p.o
__vector_11                                       ratt.o
                                                  /usr/lib/gcc/avr/4.3.4/../../../avr/lib/avr5/crtm328p.o
__vector_12                                       /usr/lib/gcc/avr/4.3.4/../../../avr/lib/avr5/crtm328p.o
__vector_13                                       ratt.o
                                                  /usr/lib/gcc/avr/4.3.4/../../../avr/lib/avr5/crtm328p.o
__vector_14                                       ratt.o
                                                  /usr/lib/gcc/avr/4.3.4/../../../avr/lib/avr5/crtm328p.o
__vector_15                                       /usr/lib/gcc/avr/4.3.4/../../../avr/lib/avr5/crtm328p.o
__vector_16                                       /usr/lib/gcc/avr/4.3.4/../../../avr/lib/avr5/crtm328p.o
__vector_17                                       /usr/lib/gcc/avr/4.3.4/../../../avr/lib/avr5/crtm328p.o
__vector_18                                       ratt.o
                                                  /usr/lib/gcc/avr/4.3.4/../../../avr/lib/avr5/crtm328p.o
__vector_19                                       /usr/lib/gcc/avr/4.3.4/../../../avr/lib/avr5/crtm328p.o
__vector_2                                        /usr/lib/gcc/avr/4.3.4/../../../avr/lib/avr5/crtm328p.o
__vector_20                                       /usr/lib/gcc/avr/4.3.4/../../../avr/lib/avr5/crtm328p.o
__vector_21                                       buttons.o
                                                  /usr/lib/gcc/avr/4.3.4/../../../avr/lib/avr5/crtm328p.o
__vector_22                                       /usr/lib/gcc/avr/4.3.4/../../../avr/lib/avr5/crtm328p.o
__vector_23                                       /usr/lib/gcc/avr/4.3.4/../../../avr/lib/avr5/crtm328p.o
__vector_24                                       /usr/lib/gcc/avr/4.3.4/../../../avr/lib/avr5/crtm328p.o
__vector_25                                       /usr/lib/gcc/avr/4.3.4/../../../avr/lib/avr5/crtm328p.o
__vector_3                                        buttons.o
                                                  /usr/lib/gcc/avr/4.3.4/../../../avr/lib/avr5/crtm328p.o
__vector_4                                        /usr/lib/gcc/avr/4.3.4/../../../avr/lib/avr5/crtm328p.o
__vector_5                                        /usr/lib/gcc/avr/4.3.4/../../../avr/lib/avr5/crtm328p.o
__vector_6                                        /usr/lib/gcc/avr/4.3.4/../../../avr/lib/avr5/crtm328p.o
__vector_7                                        /usr/lib/gcc/avr/4.3.4/../../../avr/lib/avr5/crtm328p.o
__vector_8                                        /usr/lib/gcc/avr/4.3.4/../../../avr/lib/avr5/crtm328p.o
__vector_9                                        ratt.o
                                                  /usr/lib/gcc/avr/4.3.4/../../../avr/lib/avr5/crtm328p.o
__vector_default                                  /usr/lib/gcc/avr/4.3.4/../../../avr/lib/avr5/crtm328p.o
__vectors                                         /usr/lib/gcc/avr/4.3.4/../../../avr/lib/avr5/crtm328p.o
_div                                              /usr/lib/gcc/avr/4.3.4/avr5/libgcc.a(_divmodhi4.o)
_exit                                             /usr/lib/gcc/avr/4.3.4/avr5/libgcc.a(_exit.o)
about                                             eeprom.o
                                                  anim_abo.o
adafruit                                          rle.o
                                                  anim_abo.o
add_month                                         util.o
                                                  config.o
                                                  anim_deathcfg.o
alarm_h                                           ratt.o
                                                  config.o
                                                  anim_rat.o
                                                  anim_death.o
alarm_m                                           ratt.o
                                                  config.o
                                                  anim_rat.o
                                                  anim_death.o
alarm_on                                          ratt.o
alarm_tripped                                     ratt.o
alarming                                          ratt.o
alarmticker                                       ratt.o
animticker                                        ratt.o
ball_dx                                           anim_rat.o
ball_dy                                           anim_rat.o
ball_x                                            anim_rat.o
ball_y                                            anim_rat.o
beep                                              ratt.o
bmi_table_count                                   deathclock.o
bmi_table_offset                                  deathclock.o
border_tick                                       anim_death.o
                                                  ratt.o
buttonholdcounter                                 buttons.o
                                                  ratt.o
calc_death_date                                   deathclock.o
                                                  anim_death.o
calculate_dest_pos                                anim_rat.o
calculate_keepout                                 anim_rat.o
cfg_bmi_height                                    anim_deathcfg.o
cfg_bmi_unit                                      anim_deathcfg.o
cfg_bmi_weight                                    anim_deathcfg.o
cfg_dc_mode                                       anim_deathcfg.o
cfg_dob_d                                         anim_deathcfg.o
cfg_dob_m                                         anim_deathcfg.o
cfg_dob_y                                         anim_deathcfg.o
cfg_gender                                        anim_deathcfg.o
cfg_smoker                                        anim_deathcfg.o
char_available                                    ratt.o
char_read                                         ratt.o
check_ball_digit_collision                        anim_rat.o
check_timeout                                     util.o
                                                  config.o
                                                  anim_deathcfg.o
clock_init                                        ratt.o
cosine                                            anim_rat.o
crand                                             util.o
                                                  dispatch.o
                                                  deathclock.o
                                                  anim_rat.o
date_d                                            ratt.o
                                                  deathclock.o
                                                  config.o
                                                  anim_rat.o
                                                  anim_deathcfg.o
                                                  anim_death.o
date_diff                                         deathclock.o
date_m                                            ratt.o
                                                  deathclock.o
                                                  config.o
                                                  anim_rat.o
                                                  anim_deathcfg.o
                                                  anim_death.o
date_y                                            ratt.o
                                                  deathclock.o
                                                  config.o
                                                  anim_rat.o
                                                  anim_deathcfg.o
                                                  anim_death.o
day_in_month                                      deathclock.o
days_table                                        deathclock.o
dc_mode                                           deathclock.o
                                                  anim_death.o
death_bitblit_ram                                 anim_death.o
death_blitsegs_rom                                anim_death.o
                                                  anim_abo.o
death_d                                           deathclock.o
                                                  anim_death.o
death_m                                           deathclock.o
                                                  anim_death.o
death_setscore                                    anim_death.o
death_y                                           deathclock.o
                                                  anim_death.o
deathclock_changed                                anim_deathcfg.o
debounce                                          buttons.o
delay_10us                                        util.o
delay_ms                                          util.o
                                                  ratt.o
                                                  config.o
                                                  buttons.o
                                                  anim_deathcfg.o
                                                  anim_death.o
                                                  anim_abo.o
delay_s                                           util.o
display_bmi_set                                   anim_deathcfg.o
display_dc_mode                                   anim_deathcfg.o
display_death_menu                                anim_deathcfg.o
display_digits                                    anim_death.o
display_dob                                       anim_deathcfg.o
display_gender                                    anim_deathcfg.o
display_menu                                      config.o
display_smoker                                    anim_deathcfg.o
displaymode                                       util.o
                                                  ratt.o
                                                  config.o
                                                  anim_gps.o
                                                  anim_deathcfg.o
displaystyle                                      util.o
                                                  ratt.o
                                                  dispatch.o
                                                  config.o
                                                  anim_gps.o
                                                  anim_deathcfg.o
                                                  anim_abo.o
dotw                                              util.o
                                                  ratt.o
drawArrow                                         ratt.o
                                                  config.o
                                                  anim_deathcfg.o
draw_score_rat                                    anim_rat.o
drawbigdigit                                      util.o
                                                  anim_rat.o
                                                  anim_death.o
drawdisplay                                       dispatch.o
                                                  ratt.o
drawdisplay_death                                 anim_death.o
                                                  dispatch.o
drawdisplay_rat                                   anim_rat.o
                                                  dispatch.o
drawmidline                                       anim_rat.o
encipher                                          util.o
exit                                              /usr/lib/gcc/avr/4.3.4/avr5/libgcc.a(_exit.o)
                                                  /usr/lib/gcc/avr/4.3.4/../../../avr/lib/avr5/crtm328p.o
get_font                                          glcd.o
glcdBusyWait                                      ks0108.o
glcdClearScreen                                   ks0108.o
                                                  ratt.o
                                                  config.o
                                                  anim_gps.o
                                                  anim_deathcfg.o
                                                  anim_abo.o
glcdControlRead                                   ks0108.o
glcdControlWrite                                  ks0108.o
glcdControllerSelect                              ks0108.o
glcdDataRead                                      ks0108.o
                                                  glcd.o
glcdDataWrite                                     ks0108.o
                                                  glcd.o
                                                  anim_rat.o
                                                  anim_death.o
glcdDelay                                         ks0108.o
glcdFillCircle                                    glcd.o
glcdFillRectangle                                 glcd.o
                                                  util.o
                                                  ratt.o
                                                  anim_rat.o
                                                  anim_death.o
                                                  anim_abo.o
glcdGotoChar                                      ks0108.o
glcdHome                                          ks0108.o
glcdInit                                          ks0108.o
                                                  ratt.o
glcdInitHW                                        ks0108.o
glcdPutStr_ram                                    glcd.o
                                                  ratt.o
glcdPutStr_rom                                    glcd.o
                                                  util.o
                                                  config.o
                                                  anim_gps.o
                                                  anim_deathcfg.o
glcdReset                                         ks0108.o
glcdSetAddress                                    ks0108.o
                                                  util.o
                                                  ratt.o
                                                  glcd.o
                                                  config.o
                                                  anim_rat.o
                                                  anim_gps.o
                                                  anim_deathcfg.o
                                                  anim_death.o
                                                  anim_abo.o
glcdSetDot                                        glcd.o
                                                  ratt.o
glcdSetXAddress                                   ks0108.o
glcdSetYAddress                                   ks0108.o
glcdStartLine                                     ks0108.o
                                                  glcd.o
glcdWriteChar                                     glcd.o
                                                  ratt.o
                                                  config.o
                                                  anim_deathcfg.o
                                                  anim_death.o
                                                  anim_abo.o
glcdWriteCharGr                                   glcd.o
gpsenable                                         ratt.o
hour_changed                                      ratt.o
                                                  dispatch.o
                                                  anim_rat.o
                                                  anim_death.o
hours                                             util.o
                                                  anim_rat.o
i2bcd                                             ratt.o
i2cGetReceivedByte                                i2c.o
i2cGetStatus                                      i2c.o
i2cInit                                           i2c.o
                                                  ratt.o
i2cMasterReceiveNI                                i2c.o
                                                  ratt.o
i2cMasterSendNI                                   i2c.o
                                                  ratt.o
i2cReceiveByte                                    i2c.o
i2cSendByte                                       i2c.o
i2cSendStart                                      i2c.o
i2cSendStop                                       i2c.o
i2cSetBitrate                                     i2c.o
i2cWaitForComplete                                i2c.o
init_crand                                        util.o
                                                  dispatch.o
                                                  anim_rat.o
init_crand_consistent                             util.o
                                                  deathclock.o
init_eeprom                                       ratt.o
init_set_death_menu                               anim_deathcfg.o
init_set_menu                                     config.o
initanim                                          dispatch.o
                                                  ratt.o
                                                  anim_abo.o
initanim_GPS                                      anim_gps.o
                                                  dispatch.o
initanim_abo                                      anim_abo.o
                                                  dispatch.o
initanim_death                                    anim_death.o
                                                  dispatch.o
initanim_deathcfg                                 anim_deathcfg.o
                                                  dispatch.o
initanim_rat                                      anim_rat.o
                                                  dispatch.o
initbuttons                                       buttons.o
                                                  ratt.o
initdisplay                                       dispatch.o
                                                  ratt.o
                                                  anim_death.o
initdisplay_death                                 anim_death.o
                                                  dispatch.o
initdisplay_rat                                   anim_rat.o
                                                  dispatch.o
intersectrect                                     util.o
                                                  anim_rat.o
                                                  anim_death.o
is_leap_year                                      deathclock.o
just_pressed                                      buttons.o
                                                  util.o
                                                  ratt.o
                                                  config.o
                                                  anim_gps.o
                                                  anim_deathcfg.o
key                                               util.o
last_buttonstate                                  buttons.o
last_score_mode                                   anim_death.o
                                                  ratt.o
last_score_mode_rat                               anim_rat.o
leapyear                                          ratt.o
                                                  util.o
                                                  deathclock.o
left_score                                        anim_rat.o
                                                  anim_death.o
leftpaddle_dy                                     anim_rat.o
leftpaddle_y                                      anim_rat.o
load_etd                                          deathclock.o
                                                  anim_deathcfg.o
                                                  anim_death.o
load_raw_etd                                      deathclock.o
logo_p                                            anim_abo.o
main                                              ratt.o
                                                  /usr/lib/gcc/avr/4.3.4/../../../avr/lib/avr5/crtm328p.o
millis                                            ratt.o
minute_changed                                    ratt.o
                                                  dispatch.o
                                                  anim_rat.o
                                                  anim_death.o
minutes_left                                      deathclock.o
                                                  anim_death.o
move_paddle                                       anim_rat.o
next_border                                       anim_death.o
next_mode_setdate                                 config.o
                                                  anim_deathcfg.o
next_mode_setday                                  config.o
                                                  anim_deathcfg.o
next_mode_setmonth                                config.o
                                                  anim_deathcfg.o
normal_bmi_female                                 deathclock.o
normal_bmi_male                                   deathclock.o
normal_smoking_female                             deathclock.o
normal_smoking_male                               deathclock.o
old_h                                             ratt.o
                                                  anim_rat.o
                                                  anim_death.o
old_m                                             ratt.o
                                                  anim_rat.o
                                                  anim_death.o
old_minutes_left                                  deathclock.o
                                                  anim_death.o
old_s                                             ratt.o
oldball_x                                         anim_rat.o
oldball_y                                         anim_rat.o
oldleftpaddle_y                                   anim_rat.o
oldrightpaddle_y                                  anim_rat.o
prep_digits                                       anim_death.o
pressed                                           buttons.o
                                                  util.o
                                                  config.o
                                                  anim_deathcfg.o
print_alarmhour                                   config.o
print_alarmline                                   config.o
print_backlight                                   config.o
print_date                                        config.o
print_menu_advance                                util.o
                                                  config.o
                                                  anim_deathcfg.o
print_menu_change                                 util.o
                                                  config.o
                                                  anim_deathcfg.o
print_menu_exit                                   util.o
                                                  config.o
                                                  anim_deathcfg.o
print_monthday_help                               config.o
                                                  anim_deathcfg.o
print_number_slash                                config.o
print_region_setting                              config.o
print_style_setting                               config.o
print_time                                        config.o
                                                  util.o
print_timehour                                    config.o
printnumber                                       ratt.o
                                                  config.o
                                                  anim_gps.o
                                                  anim_deathcfg.o
printnumber_3d                                    anim_deathcfg.o
random_angle                                      anim_rat.o
random_days                                       deathclock.o
readADC                                           buttons.o
readi2ctime                                       ratt.o
reaper0_p                                         anim_death.o
reaper_on_white                                   rle.o
                                                  anim_death.o
reaper_tow_rip                                    deathclock.o
                                                  anim_death.o
reaper_x                                          anim_death.o
redraw_time                                       anim_death.o
redraw_time_rat                                   anim_rat.o
region                                            ratt.o
                                                  config.o
                                                  anim_rat.o
                                                  anim_deathcfg.o
                                                  anim_death.o
region_setting_table                              config.o
render_image                                      anim_death.o
results                                           anim_death.o
right_score                                       anim_rat.o
                                                  anim_death.o
rightpaddle_dy                                    anim_rat.o
rightpaddle_y                                     anim_rat.o
rip0_p                                            anim_death.o
rip_on_white                                      rle.o
                                                  anim_death.o
rval                                              util.o
rx_buffer                                         ratt.o
sadistic_bmi_female                               deathclock.o
sadistic_bmi_male                                 deathclock.o
sadistic_smoking_female                           deathclock.o
sadistic_smoking_male                             deathclock.o
score_mode                                        ratt.o
                                                  anim_rat.o
                                                  anim_death.o
score_mode_timeout                                ratt.o
screenmutex                                       config.o
                                                  util.o
                                                  anim_deathcfg.o
second_changed                                    ratt.o
set_alarm                                         config.o
                                                  ratt.o
set_backlight                                     config.o
                                                  ratt.o
set_date                                          config.o
                                                  ratt.o
set_deathclock_bmi                                anim_deathcfg.o
set_deathclock_dob                                anim_deathcfg.o
set_deathclock_gender                             anim_deathcfg.o
set_deathclock_mode                               anim_deathcfg.o
set_deathclock_smoker                             anim_deathcfg.o
set_region                                        config.o
                                                  ratt.o
set_style                                         config.o
                                                  ratt.o
set_time                                          config.o
                                                  ratt.o
setalarmstate                                     ratt.o
                                                  buttons.o
setscore_rat                                      anim_rat.o
setsnooze                                         ratt.o
sine                                              anim_rat.o
sine_table                                        anim_rat.o
skull0_p                                          anim_death.o
skull_on_white                                    rle.o
                                                  anim_death.o
sleepmode                                         ratt.o
smoking_table_count                               deathclock.o
smoking_table_offset                              deathclock.o
snoozetimer                                       ratt.o
step                                              dispatch.o
                                                  ratt.o
step_death                                        anim_death.o
                                                  dispatch.o
step_rat                                          anim_rat.o
                                                  dispatch.o
strcmp                                            /usr/lib/gcc/avr/4.3.4/../../../avr/lib/avr5/libc.a(strcmp.o)
                                                  ratt.o
style_setting_str                                 config.o
t2divider1                                        ratt.o
t2divider2                                        ratt.o
tick                                              ratt.o
ticksremaining                                    anim_rat.o
time_format                                       util.o
                                                  ratt.o
                                                  config.o
                                                  anim_death.o
time_h                                            util.o
                                                  ratt.o
                                                  deathclock.o
                                                  config.o
                                                  anim_rat.o
                                                  anim_deathcfg.o
                                                  anim_death.o
time_m                                            util.o
                                                  ratt.o
                                                  deathclock.o
                                                  config.o
                                                  anim_rat.o
                                                  anim_deathcfg.o
                                                  anim_death.o
time_s                                            util.o
                                                  ratt.o
                                                  config.o
                                                  anim_deathcfg.o
                                                  anim_death.o
                                                  anim_abo.o
timeoutcounter                                    config.o
                                                  util.o
                                                  ratt.o
                                                  anim_deathcfg.o
timeunknown                                       ratt.o
timezone                                          ratt.o
                                                  anim_gps.o
timezonehour                                      ratt.o
timezonemin                                       ratt.o
uart_getch                                        util.o
uart_getchar                                      util.o
uart_init                                         util.o
                                                  ratt.o
uart_put_dec                                      util.o
uart_putc_hex                                     util.o
uart_putchar                                      util.o
uart_putdw_dec                                    util.o
uart_putdw_hex                                    util.o
uart_puts                                         util.o
uart_putw_dec                                     util.o
uart_putw_hex                                     util.o
volume                                            ratt.o
writei2ctime                                      ratt.o
                                                  config.o
