Archive member included because of file (symbol)

c:/winavr-20100110/bin/../lib/gcc/avr/4.3.3/avr5\libgcc.a(_mulsi3.o)
                              anim_rat.o (__mulsi3)
c:/winavr-20100110/bin/../lib/gcc/avr/4.3.3/avr5\libgcc.a(_udivmodqi4.o)
                              anim_death.o (__udivmodqi4)
c:/winavr-20100110/bin/../lib/gcc/avr/4.3.3/avr5\libgcc.a(_udivmodhi4.o)
                              anim_death.o (__udivmodhi4)
c:/winavr-20100110/bin/../lib/gcc/avr/4.3.3/avr5\libgcc.a(_divmodhi4.o)
                              anim_abo.o (__divmodhi4)
c:/winavr-20100110/bin/../lib/gcc/avr/4.3.3/avr5\libgcc.a(_udivmodsi4.o)
                              anim_rat.o (__udivmodsi4)
c:/winavr-20100110/bin/../lib/gcc/avr/4.3.3/avr5\libgcc.a(_divmodsi4.o)
                              anim_death.o (__divmodsi4)
c:/winavr-20100110/bin/../lib/gcc/avr/4.3.3/avr5\libgcc.a(_prologue.o)
                              anim_abo.o (__prologue_saves__)
c:/winavr-20100110/bin/../lib/gcc/avr/4.3.3/avr5\libgcc.a(_epilogue.o)
                              anim_abo.o (__epilogue_restores__)
c:/winavr-20100110/bin/../lib/gcc/avr/4.3.3/avr5\libgcc.a(_exit.o)
                              c:/winavr-20100110/bin/../lib/gcc/avr/4.3.3/../../../../avr/lib/avr5/crtm328p.o (exit)
c:/winavr-20100110/bin/../lib/gcc/avr/4.3.3/avr5\libgcc.a(_tablejump.o)
                              anim_death.o (__tablejump2__)
c:/winavr-20100110/bin/../lib/gcc/avr/4.3.3/avr5\libgcc.a(_copy_data.o)
                              anim_death.o (__do_copy_data)
c:/winavr-20100110/bin/../lib/gcc/avr/4.3.3/avr5\libgcc.a(_clear_bss.o)
                              anim_death.o (__do_clear_bss)
c:/winavr-20100110/bin/../lib/gcc/avr/4.3.3/../../../../avr/lib/avr5\libc.a(strcmp.o)
                              ratt.o (strcmp)
c:/winavr-20100110/bin/../lib/gcc/avr/4.3.3/../../../../avr/lib/avr5\libc.a(eerd_byte_atmega328p.o)
                              anim_abo.o (__eerd_byte_m328p)
c:/winavr-20100110/bin/../lib/gcc/avr/4.3.3/../../../../avr/lib/avr5\libc.a(eerd_word_atmega328p.o)
                              anim_deathcfg.o (__eerd_word_m328p)
c:/winavr-20100110/bin/../lib/gcc/avr/4.3.3/../../../../avr/lib/avr5\libc.a(eewr_byte_atmega328p.o)
                              anim_deathcfg.o (__eewr_byte_m328p)
c:/winavr-20100110/bin/../lib/gcc/avr/4.3.3/../../../../avr/lib/avr5\libc.a(eewr_word_atmega328p.o)
                              anim_deathcfg.o (__eewr_word_m328p)
c:/winavr-20100110/bin/../lib/gcc/avr/4.3.3/../../../../avr/lib/avr5\libc.a(eerd_block_atmega328p.o)
                              c:/winavr-20100110/bin/../lib/gcc/avr/4.3.3/../../../../avr/lib/avr5\libc.a(eerd_word_atmega328p.o) (__eerd_blraw_m328p)

Allocating common symbols
Common symbol       size              file

cfg_gender          0x1               anim_deathcfg.o
cfg_dob_y           0x1               anim_deathcfg.o
oldleftpaddle_y     0x2               anim_rat.o
right_score2        0x1               anim_int.o
death_d             0x1               deathclock.o
cfg_dc_mode         0x1               anim_deathcfg.o
leftpaddle_y        0x2               anim_rat.o
time_h              0x1               ratt.o
cfg_dob_d           0x1               anim_deathcfg.o
cfg_bmi_weight      0x2               anim_deathcfg.o
old_m               0x1               ratt.o
time_format         0x1               ratt.o
ball_dy             0x2               anim_rat.o
date_y              0x1               ratt.o
alarm_m             0x1               ratt.o
ball_y              0x2               anim_rat.o
alarmticker         0x2               ratt.o
displaystyle        0x1               ratt.o
ticksremaining      0x2               anim_rat.o
volume              0x1               ratt.o
reaper_tow_rip      0x1               deathclock.o
cfg_dob_m           0x1               anim_deathcfg.o
ball_dx             0x2               anim_rat.o
date_d              0x1               ratt.o
reaper_x            0x2               anim_death.o
time_m              0x1               ratt.o
results             0x4               anim_death.o
old_h               0x1               ratt.o
alarm_on            0x1               ratt.o
region              0x1               ratt.o
left_score2         0x1               anim_int.o
alarm_h             0x1               ratt.o
oldball_x           0x2               anim_rat.o
eeprom_data         0x11              deathclock.o
death_y             0x1               deathclock.o
alarming            0x1               ratt.o
cfg_bmi_unit        0x1               anim_deathcfg.o
ball_x              0x2               anim_rat.o
key                 0x10              util.o
displaymode         0x1               ratt.o
cfg_smoker          0x1               anim_deathcfg.o
rightpaddle_y       0x2               anim_rat.o
animticker          0x2               ratt.o
RotateFlag          0x1               ratt.o
[...]
Memory Configuration

Name             Origin             Length             Attributes
text             0x00000000         0x00020000         xr
data             0x00800060         0x0000ffa0         rw !x
eeprom           0x00810000         0x00010000         rw !x
fuse             0x00820000         0x00000400         rw !x
lock             0x00830000         0x00000400         rw !x
signature        0x00840000         0x00000400         rw !x
*default*        0x00000000         0xffffffff

Linker script and memory map

Address of section .data set to 0x800100
LOAD c:/winavr-20100110/bin/../lib/gcc/avr/4.3.3/../../../../avr/lib/avr5/crtm328p.o
LOAD anim_abo.o
LOAD anim_death.o
LOAD anim_deathcfg.o
LOAD anim_gps.o
LOAD anim_int.o
LOAD anim_rat.o
LOAD anim_sev.o
LOAD anim_ts.o
LOAD anim_xda.o
LOAD buttons.o
LOAD config.o
LOAD deathclock.o
LOAD dispatch.o
LOAD eeprom.o
LOAD glcd.o
LOAD i2c.o
LOAD ks0108.o
LOAD ratt.o
LOAD rle.o
LOAD util.o
LOAD c:/winavr-20100110/bin/../lib/gcc/avr/4.3.3/avr5\libgcc.a
LOAD c:/winavr-20100110/bin/../lib/gcc/avr/4.3.3/../../../../avr/lib/avr5\libc.a
LOAD c:/winavr-20100110/bin/../lib/gcc/avr/4.3.3/avr5\libgcc.a

.hash
 *(.hash)

.dynsym
 *(.dynsym)

.dynstr
 *(.dynstr)

.gnu.version
 *(.gnu.version)

.gnu.version_d
 *(.gnu.version_d)

.gnu.version_r
 *(.gnu.version_r)

.rel.init
 *(.rel.init)

.rela.init
 *(.rela.init)

.rel.text
 *(.rel.text)
 *(.rel.text.*)
 *(.rel.gnu.linkonce.t*)

.rela.text
 *(.rela.text)
 *(.rela.text.*)
 *(.rela.gnu.linkonce.t*)

.rel.fini
 *(.rel.fini)

.rela.fini
 *(.rela.fini)

.rel.rodata
 *(.rel.rodata)
 *(.rel.rodata.*)
 *(.rel.gnu.linkonce.r*)

.rela.rodata
 *(.rela.rodata)
 *(.rela.rodata.*)
 *(.rela.gnu.linkonce.r*)

.rel.data
 *(.rel.data)
 *(.rel.data.*)
 *(.rel.gnu.linkonce.d*)

.rela.data
 *(.rela.data)
 *(.rela.data.*)
 *(.rela.gnu.linkonce.d*)

.rel.ctors
 *(.rel.ctors)

.rela.ctors
 *(.rela.ctors)

.rel.dtors
 *(.rel.dtors)

.rela.dtors
 *(.rela.dtors)

.rel.got
 *(.rel.got)

.rela.got
 *(.rela.got)

.rel.bss
 *(.rel.bss)

.rela.bss
 *(.rela.bss)

.rel.plt
 *(.rel.plt)

.rela.plt
 *(.rela.plt)

.text           0x00000000     0x758e
 *(.vectors)
 .vectors       0x00000000       0x68 c:/winavr-20100110/bin/../lib/gcc/avr/4.3.3/../../../../avr/lib/avr5/crtm328p.o
                0x00000000                __vectors
                0x00000000                __vector_default
 *(.vectors)
 *(.progmem.gcc*)
 .progmem.gcc_sw_table
                0x00000068       0x10 anim_death.o
 .progmem.gcc_sw_table
                0x00000078       0x14 dispatch.o
 *(.progmem*)
 .progmem.data  0x0000008c        0x2 anim_abo.o
                0x0000008c                logo_p
 .progmem.data  0x0000008e        0x6 anim_death.o
                0x0000008e                skull0_p
                0x00000090                reaper0_p
                0x00000092                rip0_p
 .progmem.data  0x00000094      0x10d anim_deathcfg.o
 .progmem.data  0x000001a1       0x6a anim_gps.o
                0x000001a1                GPS_Text
 .progmem.data  0x0000020b      0x18f config.o
                0x0000020b                region_setting_table
                0x0000023f                style_setting_str
 .progmem.data  0x0000039a       0xd4 deathclock.o
                0x00000413                sadistic_bmi_male
                0x000003d1                normal_bmi_female
                0x00000434                normal_smoking_male
                0x0000045a                sadistic_smoking_male
                0x0000045e                sadistic_smoking_female
                0x00000448                normal_smoking_female
                0x00000462                day_in_month
                0x0000041e                sadistic_bmi_female
                0x0000039a                normal_bmi_male
 .progmem.data  0x0000046e       0x74 eeprom.o
                0x0000046f                FontGr
                0x0000046e                EE_DATA
 .progmem.data  0x000004e2      0x4f0 rle.o
                0x000004e2                skull_on_white
                0x00000644                reaper_on_white
                0x000008b0                adafruit
                0x00000722                rip_on_white
 .progmem.data  0x000009d2       0x46 util.o
                0x00000a18                . = ALIGN (0x2)
                0x00000a18                __trampolines_start = .
 *(.trampolines)
 .trampolines   0x00000a18        0x0 linker stubs
 *(.trampolines*)
                0x00000a18                __trampolines_end = .
 *(.jumptables)
 *(.jumptables*)
 *(.lowtext)
 *(.lowtext*)
                0x00000a18                __ctors_start = .
 *(.ctors)
                0x00000a18                __ctors_end = .
                0x00000a18                __dtors_start = .
 *(.dtors)
                0x00000a18                __dtors_end = .
 SORT(*)(.ctors)
 SORT(*)(.dtors)
 *(.init0)
 .init0         0x00000a18        0x0 c:/winavr-20100110/bin/../lib/gcc/avr/4.3.3/../../../../avr/lib/avr5/crtm328p.o
                0x00000a18                __init
 *(.init0)
 *(.init1)
 *(.init1)
 *(.init2)
 .init2         0x00000a18        0xc c:/winavr-20100110/bin/../lib/gcc/avr/4.3.3/../../../../avr/lib/avr5/crtm328p.o
 *(.init2)
 *(.init3)
 *(.init3)
 *(.init4)
 .init4         0x00000a24       0x16 c:/winavr-20100110/bin/../lib/gcc/avr/4.3.3/avr5\libgcc.a(_copy_data.o)
                0x00000a24                __do_copy_data
 .init4         0x00000a3a       0x10 c:/winavr-20100110/bin/../lib/gcc/avr/4.3.3/avr5\libgcc.a(_clear_bss.o)
                0x00000a3a                __do_clear_bss
 *(.init4)
 *(.init5)
 *(.init5)
 *(.init6)
 *(.init6)
 *(.init7)
 *(.init7)
 *(.init8)
 *(.init8)
 *(.init9)
 .init9         0x00000a4a        0x8 c:/winavr-20100110/bin/../lib/gcc/avr/4.3.3/../../../../avr/lib/avr5/crtm328p.o
 *(.init9)
 *(.text)
 .text          0x00000a52        0x4 c:/winavr-20100110/bin/../lib/gcc/avr/4.3.3/../../../../avr/lib/avr5/crtm328p.o
                0x00000a52                __vector_22
                0x00000a52                __vector_1
                0x00000a52                __vector_24
                0x00000a52                __vector_12
                0x00000a52                __bad_interrupt
                0x00000a52                __vector_6
                0x00000a52                __vector_23
                0x00000a52                __vector_25
                0x00000a52                __vector_17
                0x00000a52                __vector_19
                0x00000a52                __vector_7
                0x00000a52                __vector_5
                0x00000a52                __vector_4
                0x00000a52                __vector_2
                0x00000a52                __vector_15
                0x00000a52                __vector_8
                0x00000a52                __vector_10
                0x00000a52                __vector_16
                0x00000a52                __vector_20
 .text          0x00000a56       0xf4 anim_abo.o
                0x00000a56                initanim_abo
 .text          0x00000b4a      0xf3c anim_death.o
                0x0000169a                drawdisplay_death
                0x000011f4                death_blitsegs_rom
                0x0000154a                initdisplay_death
                0x00001312                next_border
                0x00001148                death_bitblit_ram
                0x00000f1e                prep_digits
                0x00001a00                initanim_death
                0x00001826                step_death
                0x00000b4a                death_setscore
                0x000013cc                render_image
 .text          0x00001a86      0xb12 anim_deathcfg.o
                0x00001c06                display_dob
                0x00001cba                printnumber_3d
                0x00001ed8                init_set_death_menu
                0x00002074                set_deathclock_gender
                0x0000211e                set_deathclock_dob
                0x0000224c                set_deathclock_bmi
                0x00001bd4                display_gender
                0x000024de                initanim_deathcfg
                0x00001b86                display_dc_mode
                0x00001cee                display_bmi_set
                0x00001b54                display_smoker
                0x00001df0                display_death_menu
                0x00001fca                set_deathclock_mode
                0x00001a86                deathclock_changed
                0x00001f20                set_deathclock_smoker
 .text          0x00002598      0x14c anim_gps.o
                0x00002598                initanim_GPS
 .text          0x000026e4      0x264 anim_int.o
                0x00002936                initanim_int
                0x0000280c                setscore_int
                0x00002730                WriteTime_int
                0x000026e4                step_int
                0x00002770                WriteBases_int
                0x00002794                WriteInvaders_int
                0x000028fe                initdisplay_int
                0x000028ce                drawdisplay_int
 .text          0x00002948      0xadc anim_rat.o
                0x00002e16                drawdisplay_rat
                0x000033c4                initanim_rat
                0x00002d54                setscore_rat
                0x00002d14                drawmidline
                0x00002b7e                calculate_dest_pos
                0x00002948                sine
                0x00003306                initdisplay_rat
                0x000029a4                cosine
                0x00002c58                check_ball_digit_collision
                0x00002b22                random_angle
                0x000029ac                move_paddle
                0x000029de                calculate_keepout
                0x00002cae                draw_score_rat
                0x00002f74                step_rat
 .text          0x00003424      0x346 anim_sev.o
                0x0000344a                drawvseg_sev
                0x000035e6                drawdot_sev
                0x000035f6                drawdisplay_sev
                0x00003544                initanim_sev
                0x00003592                printnumber_sev
                0x000034d4                draw7seg_sev
                0x00003558                drawdigit_sev
                0x00003424                step_sev
                0x00003530                initdisplay_sev
                0x00003496                drawsegment_sev
 .text          0x0000376a      0x3b0 anim_ts.o
                0x00003ae0                initdisplay_ts
                0x00003a10                drawdisplay_ts
                0x0000376a                setstringdigits_ts
                0x00003818                drawsegment_ts
                0x000037bc                drawseg_ts
                0x0000398c                setstring_ts
                0x00003858                draw7seg_ts
                0x00003796                step_ts
                0x000038a4                drawdot_ts
                0x00003b0a                initanim_ts
                0x000038b4                drawdigit_ts
 .text          0x00003b1a        0x0 anim_xda.o
 .text          0x00003b1a      0x19e buttons.o
                0x00003b70                __vector_3
                0x00003b48                readADC
                0x00003bba                __vector_21
                0x00003b1a                initbuttons
 .text          0x00003cb8      0xa1e config.o
                0x00003f9c                print_alarmline
                0x00003cb8                print_style_setting
                0x00003e46                print_date
                0x000043a0                set_date
                0x00003ee4                print_backlight
                0x000045ee                set_style
                0x00004208                set_alarm
                0x000040a4                init_set_menu
                0x00003cfa                print_region_setting
                0x000040b4                set_time
                0x00003dce                print_timehour
                0x00003e38                print_number_slash
                0x000042fa                set_backlight
                0x00003fde                print_monthday_help
                0x00004514                set_region
                0x00003f0e                print_time
                0x00003d44                print_alarmhour
                0x00004012                display_menu
 .text          0x000046d6      0x884 deathclock.o
                0x00004bec                load_raw_etd
                0x00004988                random_days
                0x000046d6                is_leap_year
                0x00004dac                load_etd
                0x000049e2                ETD
                0x00004916                BodyMassIndex
                0x00004cb0                calc_death_date
                0x00004708                date_diff
 .text          0x00004f5a      0x1a4 dispatch.o
                0x00004f98                initdisplay
                0x00005046                drawdisplay
                0x00004f5a                step
                0x00004fd8                initanim
 .text          0x000050fe        0x0 eeprom.o
 .text          0x000050fe      0x3ea glcd.o
                0x00005166                glcdWriteChar
                0x000051ba                glcdPutStr_rom
                0x00005496                glcdSetDot
                0x000051e8                glcdPutStr_ram
                0x00005108                glcdWriteCharGr
                0x000053b6                glcdFillCircle
                0x000050fe                get_font
                0x0000520a                glcdFillRectangle
 .text          0x000054e8      0x1ce i2c.o
                0x000054e8                i2cInit
                0x00005528                i2cSendStart
                0x00005544                i2cWaitForComplete
                0x0000557c                i2cGetReceivedByte
                0x00005588                i2cMasterSendNI
                0x00005582                i2cGetStatus
                0x0000554e                i2cSendByte
                0x00005616                i2cMasterReceiveNI
                0x00005560                i2cReceiveByte
                0x00005520                i2cSetBitrate
                0x00005536                i2cSendStop
 .text          0x000056b6      0x310 ks0108.o
                0x000057ec                glcdDataRead
                0x0000591e                glcdStartLine
                0x00005868                glcdSetYAddress
                0x00005974                glcdHome
                0x000056fa                glcdBusyWait
                0x000059b2                glcdGotoChar
                0x00005832                glcdReset
                0x000059c4                glcdDelay
                0x000056e4                glcdControllerSelect
                0x000056b6                glcdInitHW
                0x00005938                glcdSetAddress
                0x0000594c                glcdClearScreen
                0x00005834                glcdSetXAddress
                0x00005754                glcdControlWrite
                0x00005994                glcdInit
                0x000057a6                glcdControlRead
                0x00005886                glcdDataWrite
 .text          0x000059c6     0x1024 ratt.o
                0x00005ca0                printnumber
                0x00005c52                i2bcd
                0x0000622a                init_eeprom
                0x00005c1e                leapyear
                0x000061cc                GPSCheck
                0x00006276                readi2ctime
                0x00005a62                char_read
                0x00005a40                char_available
                0x00005b86                __vector_11
                0x00005aa0                __vector_13
                0x0000643e                clock_init
                0x00005cce                GPSRead
                0x00005c8c                DecodeGPSBuffer
                0x00005c50                tick
                0x000066fc                main
                0x00005c74                setsnooze
                0x000064a4                __vector_9
                0x000060e4                beep
                0x000066ac                drawArrow
                0x00006130                writei2ctime
                0x00005baa                setalarmstate
                0x00005ac4                __vector_14
                0x000059c6                __vector_18
 .text          0x000069ea        0x0 rle.o
 .text          0x000069ea      0x994 util.o
                0x00006c5a                uart_putdw_dec
                0x000072d4                drawbigdigit
                0x000071f2                PRINT_MENU_LINE
                0x000072be                print_menu_advance
                0x00006bde                uart_put_dec
                0x00006adc                uart_putc_hex
                0x00006a04                delay_10us
                0x00006ac2                uart_puts
                0x00006a6a                uart_getchar
                0x00006db4                encipher
                0x000069ea                uart_init
                0x00007184                check_timeout
                0x00007236                PRINT_MENU
                0x00006d0c                dotw
                0x00007008                init_crand
                0x00006b68                uart_putw_dec
                0x00006b42                uart_putdw_hex
                0x00006a18                delay_ms
                0x00006f3e                init_crand_consistent
                0x000072a8                print_menu_exit
                0x00007286                PRINT_MENU_OPTS
                0x00006a78                uart_getch
                0x00007112                add_month
                0x00006a80                ROM_putstring
                0x000070be                intersectrect
                0x00006a32                delay_s
                0x00006d94                hours
                0x0000729a                print_menu_change
                0x00006b2e                uart_putw_hex
                0x00006a56                uart_putchar
                0x0000701a                crand
 .text          0x0000737e        0x0 c:/winavr-20100110/bin/../lib/gcc/avr/4.3.3/avr5\libgcc.a(_mulsi3.o)
 .text          0x0000737e        0x0 c:/winavr-20100110/bin/../lib/gcc/avr/4.3.3/avr5\libgcc.a(_udivmodqi4.o)
 .text          0x0000737e        0x0 c:/winavr-20100110/bin/../lib/gcc/avr/4.3.3/avr5\libgcc.a(_udivmodhi4.o)
 .text          0x0000737e        0x0 c:/winavr-20100110/bin/../lib/gcc/avr/4.3.3/avr5\libgcc.a(_divmodhi4.o)
 .text          0x0000737e        0x0 c:/winavr-20100110/bin/../lib/gcc/avr/4.3.3/avr5\libgcc.a(_udivmodsi4.o)
 .text          0x0000737e        0x0 c:/winavr-20100110/bin/../lib/gcc/avr/4.3.3/avr5\libgcc.a(_divmodsi4.o)
 .text          0x0000737e        0x0 c:/winavr-20100110/bin/../lib/gcc/avr/4.3.3/avr5\libgcc.a(_prologue.o)
 .text          0x0000737e        0x0 c:/winavr-20100110/bin/../lib/gcc/avr/4.3.3/avr5\libgcc.a(_epilogue.o)
 .text          0x0000737e        0x0 c:/winavr-20100110/bin/../lib/gcc/avr/4.3.3/avr5\libgcc.a(_exit.o)
 .text          0x0000737e        0x0 c:/winavr-20100110/bin/../lib/gcc/avr/4.3.3/avr5\libgcc.a(_tablejump.o)
 .text          0x0000737e        0x0 c:/winavr-20100110/bin/../lib/gcc/avr/4.3.3/avr5\libgcc.a(_copy_data.o)
 .text          0x0000737e        0x0 c:/winavr-20100110/bin/../lib/gcc/avr/4.3.3/avr5\libgcc.a(_clear_bss.o)
 .text          0x0000737e        0x0 c:/winavr-20100110/bin/../lib/gcc/avr/4.3.3/../../../../avr/lib/avr5\libc.a(strcmp.o)
 .text          0x0000737e        0x0 c:/winavr-20100110/bin/../lib/gcc/avr/4.3.3/../../../../avr/lib/avr5\libc.a(eerd_byte_atmega328p.o)
 .text          0x0000737e        0x0 c:/winavr-20100110/bin/../lib/gcc/avr/4.3.3/../../../../avr/lib/avr5\libc.a(eerd_word_atmega328p.o)
 .text          0x0000737e        0x0 c:/winavr-20100110/bin/../lib/gcc/avr/4.3.3/../../../../avr/lib/avr5\libc.a(eewr_byte_atmega328p.o)
 .text          0x0000737e        0x0 c:/winavr-20100110/bin/../lib/gcc/avr/4.3.3/../../../../avr/lib/avr5\libc.a(eewr_word_atmega328p.o)
 .text          0x0000737e        0x0 c:/winavr-20100110/bin/../lib/gcc/avr/4.3.3/../../../../avr/lib/avr5\libc.a(eerd_block_atmega328p.o)
                0x0000737e                . = ALIGN (0x2)
 *(.text.*)
 .text.libgcc   0x0000737e       0x3e c:/winavr-20100110/bin/../lib/gcc/avr/4.3.3/avr5\libgcc.a(_mulsi3.o)
                0x0000737e                __mulsi3
 .text.libgcc   0x000073bc       0x18 c:/winavr-20100110/bin/../lib/gcc/avr/4.3.3/avr5\libgcc.a(_udivmodqi4.o)
                0x000073bc                __udivmodqi4
 .text.libgcc   0x000073d4       0x28 c:/winavr-20100110/bin/../lib/gcc/avr/4.3.3/avr5\libgcc.a(_udivmodhi4.o)
                0x000073d4                __udivmodhi4
 .text.libgcc   0x000073fc       0x26 c:/winavr-20100110/bin/../lib/gcc/avr/4.3.3/avr5\libgcc.a(_divmodhi4.o)
                0x000073fc                __divmodhi4
                0x000073fc                _div
 .text.libgcc   0x00007422       0x44 c:/winavr-20100110/bin/../lib/gcc/avr/4.3.3/avr5\libgcc.a(_udivmodsi4.o)
                0x00007422                __udivmodsi4
 .text.libgcc   0x00007466       0x36 c:/winavr-20100110/bin/../lib/gcc/avr/4.3.3/avr5\libgcc.a(_divmodsi4.o)
                0x00007466                __divmodsi4
 .text.libgcc   0x0000749c       0x38 c:/winavr-20100110/bin/../lib/gcc/avr/4.3.3/avr5\libgcc.a(_prologue.o)
                0x0000749c                __prologue_saves__
 .text.libgcc   0x000074d4       0x36 c:/winavr-20100110/bin/../lib/gcc/avr/4.3.3/avr5\libgcc.a(_epilogue.o)
                0x000074d4                __epilogue_restores__
 .text.libgcc   0x0000750a        0x0 c:/winavr-20100110/bin/../lib/gcc/avr/4.3.3/avr5\libgcc.a(_exit.o)
 .text.libgcc   0x0000750a        0xc c:/winavr-20100110/bin/../lib/gcc/avr/4.3.3/avr5\libgcc.a(_tablejump.o)
                0x0000750e                __tablejump__
                0x0000750a                __tablejump2__
 .text.libgcc   0x00007516        0x0 c:/winavr-20100110/bin/../lib/gcc/avr/4.3.3/avr5\libgcc.a(_copy_data.o)
 .text.libgcc   0x00007516        0x0 c:/winavr-20100110/bin/../lib/gcc/avr/4.3.3/avr5\libgcc.a(_clear_bss.o)
 .text.avr-libc
                0x00007516       0x12 c:/winavr-20100110/bin/../lib/gcc/avr/4.3.3/../../../../avr/lib/avr5\libc.a(strcmp.o)
                0x00007516                strcmp
 .text.avr-libc
                0x00007528       0x10 c:/winavr-20100110/bin/../lib/gcc/avr/4.3.3/../../../../avr/lib/avr5\libc.a(eerd_byte_atmega328p.o)
                0x00007528                __eerd_byte_m328p
 .text.avr-libc
                0x00007538        0xc c:/winavr-20100110/bin/../lib/gcc/avr/4.3.3/../../../../avr/lib/avr5\libc.a(eerd_word_atmega328p.o)
                0x00007538                __eerd_word_m328p
 .text.avr-libc
                0x00007544       0x1c c:/winavr-20100110/bin/../lib/gcc/avr/4.3.3/../../../../avr/lib/avr5\libc.a(eewr_byte_atmega328p.o)
                0x00007544                __eewr_byte_m328p
                0x00007546                __eewr_r18_m328p
 .text.avr-libc
                0x00007560        0xa c:/winavr-20100110/bin/../lib/gcc/avr/4.3.3/../../../../avr/lib/avr5\libc.a(eewr_word_atmega328p.o)
                0x00007560                __eewr_word_m328p
 .text.avr-libc
                0x0000756a       0x20 c:/winavr-20100110/bin/../lib/gcc/avr/4.3.3/../../../../avr/lib/avr5\libc.a(eerd_block_atmega328p.o)
                0x0000756a                __eerd_block_m328p
                0x0000756e                __eerd_blraw_m328p
                0x0000758a                . = ALIGN (0x2)
 *(.fini9)
 .fini9         0x0000758a        0x0 c:/winavr-20100110/bin/../lib/gcc/avr/4.3.3/avr5\libgcc.a(_exit.o)
                0x0000758a                exit
                0x0000758a                _exit
 *(.fini9)
 *(.fini8)
 *(.fini8)
 *(.fini7)
 *(.fini7)
 *(.fini6)
 *(.fini6)
 *(.fini5)
 *(.fini5)
 *(.fini4)
 *(.fini4)
 *(.fini3)
 *(.fini3)
 *(.fini2)
 *(.fini2)
 *(.fini1)
 *(.fini1)
 *(.fini0)
 .fini0         0x0000758a        0x4 c:/winavr-20100110/bin/../lib/gcc/avr/4.3.3/avr5\libgcc.a(_exit.o)
 *(.fini0)
                0x0000758e                _etext = .

.data           0x00800100      0x132 load address 0x0000758e
                0x00800100                PROVIDE (__data_start, .)
 *(.data)
 .data          0x00800100        0x0 c:/winavr-20100110/bin/../lib/gcc/avr/4.3.3/../../../../avr/lib/avr5/crtm328p.o
 .data          0x00800100        0x0 anim_abo.o
 .data          0x00800100        0x2 anim_death.o
 .data          0x00800102        0x8 anim_deathcfg.o
 .data          0x0080010a        0x0 anim_gps.o
 .data          0x0080010a        0x3 anim_int.o
                0x0080010b                pInvadersDirection
                0x0080010c                Timer
                0x0080010a                pInvaders
 .data          0x0080010d       0x80 anim_rat.o
                0x0080010d                sine_table
 .data          0x0080018d       0x15 anim_sev.o
                0x0080018d                seg_location_sev
 .data          0x008001a2       0x28 anim_ts.o
                0x008001b5                seg_location_ts
                0x008001a2                dispstring
 .data          0x008001ca        0x0 anim_xda.o
 .data          0x008001ca        0x0 buttons.o
 .data          0x008001ca        0x6 config.o
                0x008001cc                next_mode_setmonth
                0x008001ce                next_mode_setday
                0x008001ca                next_mode_setdate
 .data          0x008001d0       0x40 deathclock.o
                0x008001d8                bmi_table_count
                0x008001f0                days_table
                0x008001e0                smoking_table_offset
                0x008001e8                smoking_table_count
                0x008001d0                bmi_table_offset
 .data          0x00800210        0x0 dispatch.o
 .data          0x00800210        0x0 eeprom.o
 .data          0x00800210        0x0 glcd.o
 .data          0x00800210        0x0 i2c.o
 .data          0x00800210        0x0 ks0108.o
 .data          0x00800210       0x21 ratt.o
                0x00800224                timeunknown
 .data          0x00800231        0x0 rle.o
 .data          0x00800231        0x0 util.o
 .data          0x00800231        0x0 c:/winavr-20100110/bin/../lib/gcc/avr/4.3.3/avr5\libgcc.a(_mulsi3.o)
 .data          0x00800231        0x0 c:/winavr-20100110/bin/../lib/gcc/avr/4.3.3/avr5\libgcc.a(_udivmodqi4.o)
 .data          0x00800231        0x0 c:/winavr-20100110/bin/../lib/gcc/avr/4.3.3/avr5\libgcc.a(_udivmodhi4.o)
 .data          0x00800231        0x0 c:/winavr-20100110/bin/../lib/gcc/avr/4.3.3/avr5\libgcc.a(_divmodhi4.o)
 .data          0x00800231        0x0 c:/winavr-20100110/bin/../lib/gcc/avr/4.3.3/avr5\libgcc.a(_udivmodsi4.o)
 .data          0x00800231        0x0 c:/winavr-20100110/bin/../lib/gcc/avr/4.3.3/avr5\libgcc.a(_divmodsi4.o)
 .data          0x00800231        0x0 c:/winavr-20100110/bin/../lib/gcc/avr/4.3.3/avr5\libgcc.a(_prologue.o)
 .data          0x00800231        0x0 c:/winavr-20100110/bin/../lib/gcc/avr/4.3.3/avr5\libgcc.a(_epilogue.o)
 .data          0x00800231        0x0 c:/winavr-20100110/bin/../lib/gcc/avr/4.3.3/avr5\libgcc.a(_exit.o)
 .data          0x00800231        0x0 c:/winavr-20100110/bin/../lib/gcc/avr/4.3.3/avr5\libgcc.a(_tablejump.o)
 .data          0x00800231        0x0 c:/winavr-20100110/bin/../lib/gcc/avr/4.3.3/avr5\libgcc.a(_copy_data.o)
 .data          0x00800231        0x0 c:/winavr-20100110/bin/../lib/gcc/avr/4.3.3/avr5\libgcc.a(_clear_bss.o)
 .data          0x00800231        0x0 c:/winavr-20100110/bin/../lib/gcc/avr/4.3.3/../../../../avr/lib/avr5\libc.a(strcmp.o)
 .data          0x00800231        0x0 c:/winavr-20100110/bin/../lib/gcc/avr/4.3.3/../../../../avr/lib/avr5\libc.a(eerd_byte_atmega328p.o)
 .data          0x00800231        0x0 c:/winavr-20100110/bin/../lib/gcc/avr/4.3.3/../../../../avr/lib/avr5\libc.a(eerd_word_atmega328p.o)
 .data          0x00800231        0x0 c:/winavr-20100110/bin/../lib/gcc/avr/4.3.3/../../../../avr/lib/avr5\libc.a(eewr_byte_atmega328p.o)
 .data          0x00800231        0x0 c:/winavr-20100110/bin/../lib/gcc/avr/4.3.3/../../../../avr/lib/avr5\libc.a(eewr_word_atmega328p.o)
 .data          0x00800231        0x0 c:/winavr-20100110/bin/../lib/gcc/avr/4.3.3/../../../../avr/lib/avr5\libc.a(eerd_block_atmega328p.o)
 *(.data*)
 *(.rodata)
 *(.rodata*)
 *(.gnu.linkonce.d*)
                0x00800232                . = ALIGN (0x2)
 *fill*         0x00800231        0x1 00
                0x00800232                _edata = .
                0x00800232                PROVIDE (__data_end, .)

.bss            0x00800232      0x158
                0x00800232                PROVIDE (__bss_start, .)
 *(.bss)
 .bss           0x00800232        0x0 c:/winavr-20100110/bin/../lib/gcc/avr/4.3.3/../../../../avr/lib/avr5/crtm328p.o
 .bss           0x00800232        0x0 anim_abo.o
 .bss           0x00800232        0x9 anim_death.o
                0x00800234                last_score_mode
                0x00800232                border_tick
                0x00800233                redraw_time
 .bss           0x0080023b        0x0 anim_deathcfg.o
 .bss           0x0080023b        0x0 anim_gps.o
 .bss           0x0080023b        0x5 anim_int.o
                0x0080023c                Frame
                0x0080023d                digitsmutex_int
                0x0080023f                wasalarming
                0x0080023b                pInvadersPrevious
                0x0080023e                last_score_mode2
 .bss           0x00800240        0xc anim_rat.o
                0x00800241                last_score_mode_rat
                0x00800240                redraw_time_rat
 .bss           0x0080024c        0x1 anim_sev.o
                0x0080024c                last_score_mode_sev
 .bss           0x0080024d        0x5 anim_ts.o
                0x0080024d                posx
                0x00800250                charwidth
                0x0080024e                posstr
                0x0080024f                scrx
 .bss           0x00800252        0x0 anim_xda.o
 .bss           0x00800252        0x5 buttons.o
                0x00800253                debounce
                0x00800256                buttonholdcounter
                0x00800255                pressed
                0x00800252                last_buttonstate
                0x00800254                just_pressed
 .bss           0x00800257        0x2 config.o
                0x00800258                screenmutex
                0x00800257                timeoutcounter
 .bss           0x00800259        0x4 deathclock.o
                0x00800259                minutes_left
 .bss           0x0080025d        0x0 dispatch.o
 .bss           0x0080025d        0x0 eeprom.o
 .bss           0x0080025d        0x0 glcd.o
 .bss           0x0080025d        0x5 i2c.o
 .bss           0x00800262        0x0 ks0108.o
 .bss           0x00800262       0xa3 ratt.o
                0x00800262                sleepmode
                0x00800264                hour_changed
                0x00800265                second_changed
                0x008002f5                t2divider2
                0x0080026c                rx_buffer
                0x00800267                score_mode
                0x00800269                timezone
                0x00800268                gpsenable
                0x0080026b                timezonemin
                0x00800263                minute_changed
                0x008002f0                snoozetimer
                0x00800266                score_mode_timeout
                0x0080026a                timezonehour
                0x008002f2                millis
                0x008002f4                t2divider1
 .bss           0x00800305        0x0 rle.o
 .bss           0x00800305        0x8 util.o
                0x00800305                rval
 .bss           0x0080030d        0x0 c:/winavr-20100110/bin/../lib/gcc/avr/4.3.3/avr5\libgcc.a(_mulsi3.o)
 .bss           0x0080030d        0x0 c:/winavr-20100110/bin/../lib/gcc/avr/4.3.3/avr5\libgcc.a(_udivmodqi4.o)
 .bss           0x0080030d        0x0 c:/winavr-20100110/bin/../lib/gcc/avr/4.3.3/avr5\libgcc.a(_udivmodhi4.o)
 .bss           0x0080030d        0x0 c:/winavr-20100110/bin/../lib/gcc/avr/4.3.3/avr5\libgcc.a(_divmodhi4.o)
 .bss           0x0080030d        0x0 c:/winavr-20100110/bin/../lib/gcc/avr/4.3.3/avr5\libgcc.a(_udivmodsi4.o)
 .bss           0x0080030d        0x0 c:/winavr-20100110/bin/../lib/gcc/avr/4.3.3/avr5\libgcc.a(_divmodsi4.o)
 .bss           0x0080030d        0x0 c:/winavr-20100110/bin/../lib/gcc/avr/4.3.3/avr5\libgcc.a(_prologue.o)
 .bss           0x0080030d        0x0 c:/winavr-20100110/bin/../lib/gcc/avr/4.3.3/avr5\libgcc.a(_epilogue.o)
 .bss           0x0080030d        0x0 c:/winavr-20100110/bin/../lib/gcc/avr/4.3.3/avr5\libgcc.a(_exit.o)
 .bss           0x0080030d        0x0 c:/winavr-20100110/bin/../lib/gcc/avr/4.3.3/avr5\libgcc.a(_tablejump.o)
 .bss           0x0080030d        0x0 c:/winavr-20100110/bin/../lib/gcc/avr/4.3.3/avr5\libgcc.a(_copy_data.o)
 .bss           0x0080030d        0x0 c:/winavr-20100110/bin/../lib/gcc/avr/4.3.3/avr5\libgcc.a(_clear_bss.o)
 .bss           0x0080030d        0x0 c:/winavr-20100110/bin/../lib/gcc/avr/4.3.3/../../../../avr/lib/avr5\libc.a(strcmp.o)
 .bss           0x0080030d        0x0 c:/winavr-20100110/bin/../lib/gcc/avr/4.3.3/../../../../avr/lib/avr5\libc.a(eerd_byte_atmega328p.o)
 .bss           0x0080030d        0x0 c:/winavr-20100110/bin/../lib/gcc/avr/4.3.3/../../../../avr/lib/avr5\libc.a(eerd_word_atmega328p.o)
 .bss           0x0080030d        0x0 c:/winavr-20100110/bin/../lib/gcc/avr/4.3.3/../../../../avr/lib/avr5\libc.a(eewr_byte_atmega328p.o)
 .bss           0x0080030d        0x0 c:/winavr-20100110/bin/../lib/gcc/avr/4.3.3/../../../../avr/lib/avr5\libc.a(eewr_word_atmega328p.o)
 .bss           0x0080030d        0x0 c:/winavr-20100110/bin/../lib/gcc/avr/4.3.3/../../../../avr/lib/avr5\libc.a(eerd_block_atmega328p.o)
 *(.bss*)
 *(COMMON)
 COMMON         0x0080030d       0x12 anim_death.o
                0x0080030d                reaper_x
                0x0080030f                results
                0x00800313                display_digits
                0x0080031b                left_score
                0x0080031d                right_score
 COMMON         0x0080031f        0xb anim_deathcfg.o
                0x0080031f                cfg_gender
                0x00800320                cfg_dob_y
                0x00800321                cfg_dc_mode
                0x00800322                cfg_dob_d
                0x00800323                cfg_bmi_weight
                0x00800325                cfg_dob_m
                0x00800326                cfg_bmi_unit
                0x00800327                cfg_smoker
                0x00800328                cfg_bmi_height
 COMMON         0x0080032a        0x2 anim_int.o
                0x0080032a                right_score2
                0x0080032b                left_score2
 COMMON         0x0080032c       0x16 anim_rat.o
                0x0080032c                oldleftpaddle_y
                0x0080032e                leftpaddle_y
                0x00800330                ball_dy
                0x00800332                ball_y
                0x00800334                ticksremaining
                0x00800336                ball_dx
                0x00800338                oldball_x
                0x0080033a                ball_x
                0x0080033c                rightpaddle_y
                0x0080033e                oldrightpaddle_y
                0x00800340                oldball_y
 COMMON         0x00800342       0x1a deathclock.o
                0x00800342                death_d
                0x00800343                reaper_tow_rip
                0x00800344                eeprom_data
                0x00800355                death_y
                0x00800356                death_m
                0x00800357                old_minutes_left
                0x0080035b                dc_mode
 COMMON         0x0080035c        0x6 ks0108.o
                0x0080035c                GrLcdState
 COMMON         0x00800362       0x18 ratt.o
                0x00800362                time_h
                0x00800363                old_m
                0x00800364                time_format
                0x00800365                date_y
                0x00800366                alarm_m
                0x00800367                alarmticker
                0x00800369                displaystyle
                0x0080036a                volume
                0x0080036b                date_d
                0x0080036c                time_m
                0x0080036d                old_h
                0x0080036e                alarm_on
                0x0080036f                region
                0x00800370                alarm_h
                0x00800371                alarming
                0x00800372                displaymode
                0x00800373                animticker
                0x00800375                RotateFlag
                0x00800376                date_m
                0x00800377                time_s
                0x00800378                alarm_tripped
                0x00800379                old_s
 COMMON         0x0080037a       0x10 util.o
                0x0080037a                key
                0x0080038a                PROVIDE (__bss_end, .)
                0x0000758e                __data_load_start = LOADADDR (.data)
                0x000076c0                __data_load_end = (__data_load_start + SIZEOF (.data))

.noinit         0x0080038a        0x0
                0x0080038a                PROVIDE (__noinit_start, .)
 *(.noinit*)
                0x0080038a                PROVIDE (__noinit_end, .)
                0x0080038a                _end = .
                0x0080038a                PROVIDE (__heap_start, .)

.eeprom         0x00810000      0x3ee
 *(.eeprom*)
 .eeprom        0x00810000      0x3ee eeprom.o
                0x00810019                EE_TIMEZONE
                0x00810008                EE_DOB_MONTH
                0x0081000a                EE_DOB_YEAR
                0x0081000f                EE_DC_MODE
                0x00810011                EE_BMI_WEIGHT
                0x0081000d                EE_SET_YEAR
                0x00810018                EE_SET_SEC
                0x00810004                EE_REGION
                0x00810242                alphatable
                0x00810015                EE_SMOKER
                0x0081000c                EE_SET_DAY
                0x00810005                EE_TIME_FORMAT
                0x00810006                EE_SNOOZE
                0x00810002                EE_ALARM_MIN
                0x00810001                EE_ALARM_HOUR
                0x00810010                EE_BMI_UNIT
                0x0081001a                BigFont
                0x0081000e                EE_GENDER
                0x00810062                Font5x7
                0x00810017                EE_SET_MIN
                0x0081025c                numbertable
                0x00810266                about
                0x00810009                EE_DOB_DAY
                0x0081000b                EE_SET_MONTH
                0x00810007                EE_STYLE
                0x00810016                EE_SET_HOUR
                0x00810003                EE_BRIGHT
                0x00810013                EE_BMI_HEIGHT
                0x00810000                EE_INIT
                0x008103ee                __eeprom_end = .

.fuse
 *(.fuse)
 *(.lfuse)
 *(.hfuse)
 *(.efuse)

.lock
 *(.lock*)

.signature
 *(.signature*)

.stab
 *(.stab)

.stabstr
 *(.stabstr)

.stab.excl
 *(.stab.excl)

.stab.exclstr
 *(.stab.exclstr)

.stab.index
 *(.stab.index)

.stab.indexstr
 *(.stab.indexstr)

.comment
 *(.comment)

.debug
 *(.debug)

.line
 *(.line)

.debug_srcinfo
 *(.debug_srcinfo)

.debug_sfnames
 *(.debug_sfnames)

.debug_aranges  0x00000000      0x220
 *(.debug_aranges)
 .debug_aranges
                0x00000000       0x20 anim_abo.o
 .debug_aranges
                0x00000020       0x20 anim_death.o
 .debug_aranges
                0x00000040       0x20 anim_deathcfg.o
 .debug_aranges
                0x00000060       0x20 anim_gps.o
 .debug_aranges
                0x00000080       0x20 anim_int.o
 .debug_aranges
                0x000000a0       0x20 anim_rat.o
 .debug_aranges
                0x000000c0       0x20 anim_sev.o
 .debug_aranges
                0x000000e0       0x20 anim_ts.o
 .debug_aranges
                0x00000100       0x20 buttons.o
 .debug_aranges
                0x00000120       0x20 config.o
 .debug_aranges
                0x00000140       0x20 deathclock.o
 .debug_aranges
                0x00000160       0x20 dispatch.o
 .debug_aranges
                0x00000180       0x20 glcd.o
 .debug_aranges
                0x000001a0       0x20 i2c.o
 .debug_aranges
                0x000001c0       0x20 ks0108.o
 .debug_aranges
                0x000001e0       0x20 ratt.o
 .debug_aranges
                0x00000200       0x20 util.o

.debug_pubnames
                0x00000000     0x1911
 *(.debug_pubnames)
 .debug_pubnames
                0x00000000       0x2e anim_abo.o
 .debug_pubnames
                0x0000002e      0x176 anim_death.o
 .debug_pubnames
                0x000001a4      0x1e8 anim_deathcfg.o
 .debug_pubnames
                0x0000038c       0x30 anim_gps.o
 .debug_pubnames
                0x000003bc      0x16c anim_int.o
 .debug_pubnames
                0x00000528      0x210 anim_rat.o
 .debug_pubnames
                0x00000738       0xf1 anim_sev.o
 .debug_pubnames
                0x00000829      0x11c anim_ts.o
 .debug_pubnames
                0x00000945       0xa2 buttons.o
 .debug_pubnames
                0x000009e7      0x1ed config.o
 .debug_pubnames
                0x00000bd4      0x240 deathclock.o
 .debug_pubnames
                0x00000e14       0x48 dispatch.o
 .debug_pubnames
                0x00000e5c      0x1e0 eeprom.o
 .debug_pubnames
                0x0000103c       0xa3 glcd.o
 .debug_pubnames
                0x000010df       0xde i2c.o
 .debug_pubnames
                0x000011bd      0x14e ks0108.o
 .debug_pubnames
                0x0000130b      0x38a ratt.o
 .debug_pubnames
                0x00001695       0x57 rle.o
 .debug_pubnames
                0x000016ec      0x225 util.o

.debug_info     0x00000000     0x6e97
 *(.debug_info)
 .debug_info    0x00000000      0x18c anim_abo.o
 .debug_info    0x0000018c      0x7d5 anim_death.o
 .debug_info    0x00000961      0x9f2 anim_deathcfg.o
 .debug_info    0x00001353      0x2bb anim_gps.o
 .debug_info    0x0000160e      0x3e9 anim_int.o
 .debug_info    0x000019f7      0x77b anim_rat.o
 .debug_info    0x00002172      0x652 anim_sev.o
 .debug_info    0x000027c4      0x555 anim_ts.o
 .debug_info    0x00002d19       0x79 anim_xda.o
 .debug_info    0x00002d92      0x161 buttons.o
 .debug_info    0x00002ef3      0xa72 config.o
 .debug_info    0x00003965      0x87b deathclock.o
 .debug_info    0x000041e0      0x174 dispatch.o
 .debug_info    0x00004354      0x325 eeprom.o
 .debug_info    0x00004679      0x47d glcd.o
 .debug_info    0x00004af6      0x464 i2c.o
 .debug_info    0x00004f5a      0x461 ks0108.o
 .debug_info    0x000053bb      0xbf0 ratt.o
 .debug_info    0x00005fab      0x112 rle.o
 .debug_info    0x000060bd      0xdda util.o
 *(.gnu.linkonce.wi.*)

.debug_abbrev   0x00000000     0x1ca4
 *(.debug_abbrev)
 .debug_abbrev  0x00000000       0xe9 anim_abo.o
 .debug_abbrev  0x000000e9      0x1e3 anim_death.o
 .debug_abbrev  0x000002cc      0x173 anim_deathcfg.o
 .debug_abbrev  0x0000043f      0x105 anim_gps.o
 .debug_abbrev  0x00000544       0xec anim_int.o
 .debug_abbrev  0x00000630      0x1dc anim_rat.o
 .debug_abbrev  0x0000080c      0x18b anim_sev.o
 .debug_abbrev  0x00000997      0x14b anim_ts.o
 .debug_abbrev  0x00000ae2       0x33 anim_xda.o
 .debug_abbrev  0x00000b15       0xb7 buttons.o
 .debug_abbrev  0x00000bcc      0x1ab config.o
 .debug_abbrev  0x00000d77      0x1c8 deathclock.o
 .debug_abbrev  0x00000f3f       0xa9 dispatch.o
 .debug_abbrev  0x00000fe8       0x84 eeprom.o
 .debug_abbrev  0x0000106c      0x1be glcd.o
 .debug_abbrev  0x0000122a      0x1ed i2c.o
 .debug_abbrev  0x00001417      0x1cb ks0108.o
 .debug_abbrev  0x000015e2      0x326 ratt.o
 .debug_abbrev  0x00001908       0x73 rle.o
 .debug_abbrev  0x0000197b      0x329 util.o

.debug_line     0x00000000     0x5d78
 *(.debug_line)
 .debug_line    0x00000000      0x15e anim_abo.o
 .debug_line    0x0000015e      0x9be anim_death.o
 .debug_line    0x00000b1c      0xa65 anim_deathcfg.o
 .debug_line    0x00001581      0x161 anim_gps.o
 .debug_line    0x000016e2      0x2fb anim_int.o
 .debug_line    0x000019dd      0x6b0 anim_rat.o
 .debug_line    0x0000208d      0x316 anim_sev.o
 .debug_line    0x000023a3      0x39d anim_ts.o
 .debug_line    0x00002740       0x3e anim_xda.o
 .debug_line    0x0000277e      0x21f buttons.o
 .debug_line    0x0000299d      0x9f1 config.o
 .debug_line    0x0000338e      0x467 deathclock.o
 .debug_line    0x000037f5      0x1fe dispatch.o
 .debug_line    0x000039f3       0x83 eeprom.o
 .debug_line    0x00003a76      0x411 glcd.o
 .debug_line    0x00003e87      0x2fe i2c.o
 .debug_line    0x00004185      0x5e8 ks0108.o
 .debug_line    0x0000476d      0xdc5 ratt.o
 .debug_line    0x00005532       0x80 rle.o
 .debug_line    0x000055b2      0x7c6 util.o

.debug_frame    0x00000000      0xd30
 *(.debug_frame)
 .debug_frame   0x00000000       0x20 anim_abo.o
 .debug_frame   0x00000020       0xb0 anim_death.o
 .debug_frame   0x000000d0      0x100 anim_deathcfg.o
 .debug_frame   0x000001d0       0x20 anim_gps.o
 .debug_frame   0x000001f0       0x90 anim_int.o
 .debug_frame   0x00000280       0xf0 anim_rat.o
 .debug_frame   0x00000370       0xb0 anim_sev.o
 .debug_frame   0x00000420       0xc0 anim_ts.o
 .debug_frame   0x000004e0       0x50 buttons.o
 .debug_frame   0x00000530      0x130 config.o
 .debug_frame   0x00000660       0x90 deathclock.o
 .debug_frame   0x000006f0       0x50 dispatch.o
 .debug_frame   0x00000740       0x90 glcd.o
 .debug_frame   0x000007d0       0xc0 i2c.o
 .debug_frame   0x00000890      0x120 ks0108.o
 .debug_frame   0x000009b0      0x180 ratt.o
 .debug_frame   0x00000b30      0x200 util.o

.debug_str      0x00000000     0x1b3b
 *(.debug_str)
 .debug_str     0x00000000       0xee anim_abo.o
                                0x12c (size before relaxing)
 .debug_str     0x000000ee      0x38b anim_death.o
                                0x4dc (size before relaxing)
 .debug_str     0x00000479      0x410 anim_deathcfg.o
                                0x5b7 (size before relaxing)
 .debug_str     0x00000889       0x3f anim_gps.o
                                0x2db (size before relaxing)
 .debug_str     0x000008c8      0x1c7 anim_int.o
                                0x3fa (size before relaxing)
 .debug_str     0x00000a8f      0x247 anim_rat.o
                                0x515 (size before relaxing)
 .debug_str     0x00000cd6       0xf5 anim_sev.o
                                0x331 (size before relaxing)
 .debug_str     0x00000dcb       0xf7 anim_ts.o
                                0x34b (size before relaxing)
 .debug_str     0x00000ec2        0xb anim_xda.o
                                 0xc5 (size before relaxing)
 .debug_str     0x00000ecd       0x72 buttons.o
                                0x152 (size before relaxing)
 .debug_str     0x00000f3f      0x1ea config.o
                                0x5b2 (size before relaxing)
 .debug_str     0x00001129      0x1de deathclock.o
                                0x384 (size before relaxing)
 .debug_str     0x00001307       0x31 dispatch.o
                                0x18b (size before relaxing)
 .debug_str     0x00001338       0x3a eeprom.o
                                0x204 (size before relaxing)
 .debug_str     0x00001372       0xbb glcd.o
                                0x1c4 (size before relaxing)
 .debug_str     0x0000142d      0x15b i2c.o
                                0x21a (size before relaxing)
 .debug_str     0x00001588      0x177 ks0108.o
                                0x264 (size before relaxing)
 .debug_str     0x000016ff      0x237 ratt.o
                                0x75f (size before relaxing)
 .debug_str     0x00001936        0x6 rle.o
                                 0xdb (size before relaxing)
 .debug_str     0x0000193c      0x1ff util.o
                                0x5a8 (size before relaxing)

.debug_loc      0x00000000     0x391f
 *(.debug_loc)
 .debug_loc     0x00000000       0x57 anim_abo.o
 .debug_loc     0x00000057      0x49c anim_death.o
 .debug_loc     0x000004f3      0x177 anim_deathcfg.o
 .debug_loc     0x0000066a       0x6d anim_gps.o
 .debug_loc     0x000006d7       0xfe anim_int.o
 .debug_loc     0x000007d5      0x55c anim_rat.o
 .debug_loc     0x00000d31      0x3a9 anim_sev.o
 .debug_loc     0x000010da      0x3f4 anim_ts.o
 .debug_loc     0x000014ce       0x48 buttons.o
 .debug_loc     0x00001516      0x553 config.o
 .debug_loc     0x00001a69      0x9be deathclock.o
 .debug_loc     0x00002427       0x68 dispatch.o
 .debug_loc     0x0000248f      0x5db glcd.o
 .debug_loc     0x00002a6a      0x16b i2c.o
 .debug_loc     0x00002bd5      0x149 ks0108.o
 .debug_loc     0x00002d1e      0x327 ratt.o
 .debug_loc     0x00003045      0x8da util.o

.debug_macinfo
 *(.debug_macinfo)
OUTPUT(MultiChronB.elf elf32-avr)
LOAD linker stubs

.debug_ranges   0x00000000      0x1b0
 .debug_ranges  0x00000000       0x18 anim_death.o
 .debug_ranges  0x00000018       0x18 anim_rat.o
 .debug_ranges  0x00000030       0x30 ratt.o
 .debug_ranges  0x00000060      0x150 util.o

Cross Reference Table

Symbol                                            File
BigFont                                           eeprom.o
                                                  util.o
BodyMassIndex                                     deathclock.o
DecodeGPSBuffer                                   ratt.o
EE_ALARM_HOUR                                     eeprom.o
                                                  ratt.o
                                                  config.o
EE_ALARM_MIN                                      eeprom.o
                                                  ratt.o
                                                  config.o
EE_BMI_HEIGHT                                     eeprom.o
                                                  anim_deathcfg.o
EE_BMI_UNIT                                       eeprom.o
                                                  anim_deathcfg.o
EE_BMI_WEIGHT                                     eeprom.o
                                                  anim_deathcfg.o
EE_BRIGHT                                         eeprom.o
                                                  ratt.o
                                                  config.o
EE_DATA                                           eeprom.o
                                                  ratt.o
EE_DC_MODE                                        eeprom.o
                                                  anim_deathcfg.o
EE_DOB_DAY                                        eeprom.o
                                                  anim_deathcfg.o
EE_DOB_MONTH                                      eeprom.o
                                                  deathclock.o
                                                  anim_deathcfg.o
EE_DOB_YEAR                                       eeprom.o
                                                  anim_deathcfg.o
EE_GENDER                                         eeprom.o
                                                  anim_deathcfg.o
EE_INIT                                           eeprom.o
                                                  ratt.o
EE_REGION                                         eeprom.o
                                                  ratt.o
                                                  config.o
EE_SET_DAY                                        eeprom.o
                                                  deathclock.o
                                                  anim_deathcfg.o
EE_SET_HOUR                                       eeprom.o
                                                  anim_deathcfg.o
EE_SET_MIN                                        eeprom.o
                                                  anim_deathcfg.o
EE_SET_MONTH                                      eeprom.o
                                                  deathclock.o
                                                  anim_deathcfg.o
EE_SET_SEC                                        eeprom.o
                                                  anim_deathcfg.o
EE_SET_YEAR                                       eeprom.o
                                                  deathclock.o
                                                  anim_deathcfg.o
EE_SMOKER                                         eeprom.o
                                                  anim_deathcfg.o
EE_SNOOZE                                         eeprom.o
EE_STYLE                                          eeprom.o
                                                  ratt.o
                                                  config.o
                                                  anim_gps.o
                                                  anim_deathcfg.o
                                                  anim_abo.o
EE_TIMEZONE                                       eeprom.o
                                                  ratt.o
                                                  anim_gps.o
EE_TIME_FORMAT                                    eeprom.o
                                                  ratt.o
                                                  config.o
ETD                                               deathclock.o
Font5x7                                           eeprom.o
                                                  glcd.o
FontGr                                            eeprom.o
                                                  glcd.o
Frame                                             anim_int.o
GPSCheck                                          ratt.o
GPSRead                                           ratt.o
GPS_Text                                          anim_gps.o
GrLcdState                                        ks0108.o
PRINT_MENU                                        util.o
PRINT_MENU_LINE                                   util.o
PRINT_MENU_OPTS                                   util.o
                                                  config.o
                                                  anim_deathcfg.o
ROM_putstring                                     util.o
RotateFlag                                        ratt.o
                                                  dispatch.o
                                                  config.o
                                                  anim_ts.o
                                                  anim_sev.o
Timer                                             anim_int.o
WriteBases_int                                    anim_int.o
WriteInvaders_int                                 anim_int.o
WriteTime_int                                     anim_int.o
__bad_interrupt                                   c:/winavr-20100110/bin/../lib/gcc/avr/4.3.3/../../../../avr/lib/avr5/crtm328p.o
__bss_end                                         c:/winavr-20100110/bin/../lib/gcc/avr/4.3.3/avr5\libgcc.a(_clear_bss.o)
__bss_start                                       c:/winavr-20100110/bin/../lib/gcc/avr/4.3.3/avr5\libgcc.a(_clear_bss.o)
__data_end                                        c:/winavr-20100110/bin/../lib/gcc/avr/4.3.3/avr5\libgcc.a(_copy_data.o)
__data_load_start                                 c:/winavr-20100110/bin/../lib/gcc/avr/4.3.3/avr5\libgcc.a(_copy_data.o)
__data_start                                      c:/winavr-20100110/bin/../lib/gcc/avr/4.3.3/avr5\libgcc.a(_copy_data.o)
__divmodhi4                                       c:/winavr-20100110/bin/../lib/gcc/avr/4.3.3/avr5\libgcc.a(_divmodhi4.o)
                                                  util.o
                                                  ratt.o
                                                  config.o
                                                  anim_deathcfg.o
                                                  anim_death.o
                                                  anim_abo.o
__divmodsi4                                       c:/winavr-20100110/bin/../lib/gcc/avr/4.3.3/avr5\libgcc.a(_divmodsi4.o)
                                                  ratt.o
                                                  anim_rat.o
                                                  anim_death.o
__do_clear_bss                                    c:/winavr-20100110/bin/../lib/gcc/avr/4.3.3/avr5\libgcc.a(_clear_bss.o)
                                                  util.o
                                                  ratt.o
                                                  ks0108.o
                                                  i2c.o
                                                  deathclock.o
                                                  config.o
                                                  buttons.o
                                                  anim_ts.o
                                                  anim_sev.o
                                                  anim_rat.o
                                                  anim_int.o
                                                  anim_deathcfg.o
                                                  anim_death.o
__do_copy_data                                    c:/winavr-20100110/bin/../lib/gcc/avr/4.3.3/avr5\libgcc.a(_copy_data.o)
                                                  ratt.o
                                                  dispatch.o
                                                  deathclock.o
                                                  config.o
                                                  anim_ts.o
                                                  anim_sev.o
                                                  anim_rat.o
                                                  anim_int.o
                                                  anim_deathcfg.o
                                                  anim_death.o
__eerd_block_m328p                                c:/winavr-20100110/bin/../lib/gcc/avr/4.3.3/../../../../avr/lib/avr5\libc.a(eerd_block_atmega328p.o)
__eerd_blraw_m328p                                c:/winavr-20100110/bin/../lib/gcc/avr/4.3.3/../../../../avr/lib/avr5\libc.a(eerd_block_atmega328p.o)
                                                  c:/winavr-20100110/bin/../lib/gcc/avr/4.3.3/../../../../avr/lib/avr5\libc.a(eerd_word_atmega328p.o)
__eerd_byte_m328p                                 c:/winavr-20100110/bin/../lib/gcc/avr/4.3.3/../../../../avr/lib/avr5\libc.a(eerd_byte_atmega328p.o)
                                                  util.o
                                                  ratt.o
                                                  glcd.o
                                                  deathclock.o
                                                  config.o
                                                  anim_ts.o
                                                  anim_sev.o
                                                  anim_gps.o
                                                  anim_deathcfg.o
                                                  anim_abo.o
__eerd_word_m328p                                 c:/winavr-20100110/bin/../lib/gcc/avr/4.3.3/../../../../avr/lib/avr5\libc.a(eerd_word_atmega328p.o)
                                                  anim_deathcfg.o
__eewr_byte_m328p                                 c:/winavr-20100110/bin/../lib/gcc/avr/4.3.3/../../../../avr/lib/avr5\libc.a(eewr_byte_atmega328p.o)
                                                  c:/winavr-20100110/bin/../lib/gcc/avr/4.3.3/../../../../avr/lib/avr5\libc.a(eewr_word_atmega328p.o)
                                                  ratt.o
                                                  config.o
                                                  anim_gps.o
                                                  anim_deathcfg.o
__eewr_r18_m328p                                  c:/winavr-20100110/bin/../lib/gcc/avr/4.3.3/../../../../avr/lib/avr5\libc.a(eewr_byte_atmega328p.o)
                                                  c:/winavr-20100110/bin/../lib/gcc/avr/4.3.3/../../../../avr/lib/avr5\libc.a(eewr_word_atmega328p.o)
__eewr_word_m328p                                 c:/winavr-20100110/bin/../lib/gcc/avr/4.3.3/../../../../avr/lib/avr5\libc.a(eewr_word_atmega328p.o)
                                                  anim_deathcfg.o
__epilogue_restores__                             c:/winavr-20100110/bin/../lib/gcc/avr/4.3.3/avr5\libgcc.a(_epilogue.o)
                                                  util.o
                                                  ratt.o
                                                  glcd.o
                                                  deathclock.o
                                                  anim_ts.o
                                                  anim_sev.o
                                                  anim_rat.o
                                                  anim_deathcfg.o
                                                  anim_death.o
                                                  anim_abo.o
__heap_end                                        c:/winavr-20100110/bin/../lib/gcc/avr/4.3.3/../../../../avr/lib/avr5/crtm328p.o
__init                                            c:/winavr-20100110/bin/../lib/gcc/avr/4.3.3/../../../../avr/lib/avr5/crtm328p.o
__mulsi3                                          c:/winavr-20100110/bin/../lib/gcc/avr/4.3.3/avr5\libgcc.a(_mulsi3.o)
                                                  util.o
                                                  deathclock.o
                                                  anim_rat.o
__prologue_saves__                                c:/winavr-20100110/bin/../lib/gcc/avr/4.3.3/avr5\libgcc.a(_prologue.o)
                                                  util.o
                                                  ratt.o
                                                  glcd.o
                                                  deathclock.o
                                                  anim_ts.o
                                                  anim_sev.o
                                                  anim_rat.o
                                                  anim_deathcfg.o
                                                  anim_death.o
                                                  anim_abo.o
__stack                                           c:/winavr-20100110/bin/../lib/gcc/avr/4.3.3/../../../../avr/lib/avr5/crtm328p.o
__tablejump2__                                    c:/winavr-20100110/bin/../lib/gcc/avr/4.3.3/avr5\libgcc.a(_tablejump.o)
                                                  dispatch.o
                                                  anim_death.o
__tablejump__                                     c:/winavr-20100110/bin/../lib/gcc/avr/4.3.3/avr5\libgcc.a(_tablejump.o)
__udivmodhi4                                      c:/winavr-20100110/bin/../lib/gcc/avr/4.3.3/avr5\libgcc.a(_udivmodhi4.o)
                                                  c:/winavr-20100110/bin/../lib/gcc/avr/4.3.3/avr5\libgcc.a(_divmodhi4.o)
                                                  util.o
                                                  ratt.o
                                                  dispatch.o
                                                  deathclock.o
                                                  anim_deathcfg.o
                                                  anim_death.o
__udivmodqi4                                      c:/winavr-20100110/bin/../lib/gcc/avr/4.3.3/avr5\libgcc.a(_udivmodqi4.o)
                                                  ratt.o
                                                  anim_ts.o
                                                  anim_sev.o
                                                  anim_rat.o
                                                  anim_death.o
__udivmodsi4                                      c:/winavr-20100110/bin/../lib/gcc/avr/4.3.3/avr5\libgcc.a(_udivmodsi4.o)
                                                  c:/winavr-20100110/bin/../lib/gcc/avr/4.3.3/avr5\libgcc.a(_divmodsi4.o)
                                                  util.o
                                                  deathclock.o
                                                  anim_rat.o
__vector_1                                        c:/winavr-20100110/bin/../lib/gcc/avr/4.3.3/../../../../avr/lib/avr5/crtm328p.o
__vector_10                                       c:/winavr-20100110/bin/../lib/gcc/avr/4.3.3/../../../../avr/lib/avr5/crtm328p.o
__vector_11                                       ratt.o
                                                  c:/winavr-20100110/bin/../lib/gcc/avr/4.3.3/../../../../avr/lib/avr5/crtm328p.o
__vector_12                                       c:/winavr-20100110/bin/../lib/gcc/avr/4.3.3/../../../../avr/lib/avr5/crtm328p.o
__vector_13                                       ratt.o
                                                  c:/winavr-20100110/bin/../lib/gcc/avr/4.3.3/../../../../avr/lib/avr5/crtm328p.o
__vector_14                                       ratt.o
                                                  c:/winavr-20100110/bin/../lib/gcc/avr/4.3.3/../../../../avr/lib/avr5/crtm328p.o
__vector_15                                       c:/winavr-20100110/bin/../lib/gcc/avr/4.3.3/../../../../avr/lib/avr5/crtm328p.o
__vector_16                                       c:/winavr-20100110/bin/../lib/gcc/avr/4.3.3/../../../../avr/lib/avr5/crtm328p.o
__vector_17                                       c:/winavr-20100110/bin/../lib/gcc/avr/4.3.3/../../../../avr/lib/avr5/crtm328p.o
__vector_18                                       ratt.o
                                                  c:/winavr-20100110/bin/../lib/gcc/avr/4.3.3/../../../../avr/lib/avr5/crtm328p.o
__vector_19                                       c:/winavr-20100110/bin/../lib/gcc/avr/4.3.3/../../../../avr/lib/avr5/crtm328p.o
__vector_2                                        c:/winavr-20100110/bin/../lib/gcc/avr/4.3.3/../../../../avr/lib/avr5/crtm328p.o
__vector_20                                       c:/winavr-20100110/bin/../lib/gcc/avr/4.3.3/../../../../avr/lib/avr5/crtm328p.o
__vector_21                                       buttons.o
                                                  c:/winavr-20100110/bin/../lib/gcc/avr/4.3.3/../../../../avr/lib/avr5/crtm328p.o
__vector_22                                       c:/winavr-20100110/bin/../lib/gcc/avr/4.3.3/../../../../avr/lib/avr5/crtm328p.o
__vector_23                                       c:/winavr-20100110/bin/../lib/gcc/avr/4.3.3/../../../../avr/lib/avr5/crtm328p.o
__vector_24                                       c:/winavr-20100110/bin/../lib/gcc/avr/4.3.3/../../../../avr/lib/avr5/crtm328p.o
__vector_25                                       c:/winavr-20100110/bin/../lib/gcc/avr/4.3.3/../../../../avr/lib/avr5/crtm328p.o
__vector_3                                        buttons.o
                                                  c:/winavr-20100110/bin/../lib/gcc/avr/4.3.3/../../../../avr/lib/avr5/crtm328p.o
__vector_4                                        c:/winavr-20100110/bin/../lib/gcc/avr/4.3.3/../../../../avr/lib/avr5/crtm328p.o
__vector_5                                        c:/winavr-20100110/bin/../lib/gcc/avr/4.3.3/../../../../avr/lib/avr5/crtm328p.o
__vector_6                                        c:/winavr-20100110/bin/../lib/gcc/avr/4.3.3/../../../../avr/lib/avr5/crtm328p.o
__vector_7                                        c:/winavr-20100110/bin/../lib/gcc/avr/4.3.3/../../../../avr/lib/avr5/crtm328p.o
__vector_8                                        c:/winavr-20100110/bin/../lib/gcc/avr/4.3.3/../../../../avr/lib/avr5/crtm328p.o
__vector_9                                        ratt.o
                                                  c:/winavr-20100110/bin/../lib/gcc/avr/4.3.3/../../../../avr/lib/avr5/crtm328p.o
__vector_default                                  c:/winavr-20100110/bin/../lib/gcc/avr/4.3.3/../../../../avr/lib/avr5/crtm328p.o
__vectors                                         c:/winavr-20100110/bin/../lib/gcc/avr/4.3.3/../../../../avr/lib/avr5/crtm328p.o
_div                                              c:/winavr-20100110/bin/../lib/gcc/avr/4.3.3/avr5\libgcc.a(_divmodhi4.o)
_exit                                             c:/winavr-20100110/bin/../lib/gcc/avr/4.3.3/avr5\libgcc.a(_exit.o)
about                                             eeprom.o
                                                  anim_abo.o
adafruit                                          rle.o
                                                  anim_abo.o
add_month                                         util.o
                                                  config.o
                                                  anim_deathcfg.o
alarm_h                                           ratt.o
                                                  config.o
                                                  anim_ts.o
                                                  anim_sev.o
                                                  anim_rat.o
                                                  anim_int.o
                                                  anim_death.o
alarm_m                                           ratt.o
                                                  config.o
                                                  anim_ts.o
                                                  anim_sev.o
                                                  anim_rat.o
                                                  anim_int.o
                                                  anim_death.o
alarm_on                                          ratt.o
alarm_tripped                                     ratt.o
alarming                                          ratt.o
                                                  anim_ts.o
                                                  anim_int.o
alarmticker                                       ratt.o
alphatable                                        eeprom.o
                                                  anim_sev.o
animticker                                        ratt.o
ball_dx                                           anim_rat.o
ball_dy                                           anim_rat.o
ball_x                                            anim_rat.o
ball_y                                            anim_rat.o
beep                                              ratt.o
bmi_table_count                                   deathclock.o
bmi_table_offset                                  deathclock.o
border_tick                                       anim_death.o
                                                  ratt.o
buttonholdcounter                                 buttons.o
                                                  ratt.o
calc_death_date                                   deathclock.o
                                                  anim_death.o
calculate_dest_pos                                anim_rat.o
calculate_keepout                                 anim_rat.o
cfg_bmi_height                                    anim_deathcfg.o
cfg_bmi_unit                                      anim_deathcfg.o
cfg_bmi_weight                                    anim_deathcfg.o
cfg_dc_mode                                       anim_deathcfg.o
cfg_dob_d                                         anim_deathcfg.o
cfg_dob_m                                         anim_deathcfg.o
cfg_dob_y                                         anim_deathcfg.o
cfg_gender                                        anim_deathcfg.o
cfg_smoker                                        anim_deathcfg.o
char_available                                    ratt.o
char_read                                         ratt.o
charwidth                                         anim_ts.o
check_ball_digit_collision                        anim_rat.o
check_timeout                                     util.o
                                                  config.o
                                                  anim_deathcfg.o
clock_init                                        ratt.o
cosine                                            anim_rat.o
crand                                             util.o
                                                  dispatch.o
                                                  deathclock.o
                                                  anim_rat.o
date_d                                            ratt.o
                                                  deathclock.o
                                                  config.o
                                                  anim_ts.o
                                                  anim_sev.o
                                                  anim_rat.o
                                                  anim_int.o
                                                  anim_deathcfg.o
                                                  anim_death.o
date_diff                                         deathclock.o
date_m                                            ratt.o
                                                  deathclock.o
                                                  config.o
                                                  anim_ts.o
                                                  anim_sev.o
                                                  anim_rat.o
                                                  anim_int.o
                                                  anim_deathcfg.o
                                                  anim_death.o
date_y                                            ratt.o
                                                  deathclock.o
                                                  config.o
                                                  anim_ts.o
                                                  anim_sev.o
                                                  anim_rat.o
                                                  anim_int.o
                                                  anim_deathcfg.o
                                                  anim_death.o
day_in_month                                      deathclock.o
days_table                                        deathclock.o
dc_mode                                           deathclock.o
                                                  anim_death.o
death_bitblit_ram                                 anim_death.o
death_blitsegs_rom                                anim_death.o
                                                  anim_abo.o
death_d                                           deathclock.o
                                                  anim_death.o
death_m                                           deathclock.o
                                                  anim_death.o
death_setscore                                    anim_death.o
death_y                                           deathclock.o
                                                  anim_death.o
deathclock_changed                                anim_deathcfg.o
debounce                                          buttons.o
delay_10us                                        util.o
delay_ms                                          util.o
                                                  ratt.o
                                                  config.o
                                                  buttons.o
                                                  anim_deathcfg.o
                                                  anim_death.o
                                                  anim_abo.o
delay_s                                           util.o
digitsmutex_int                                   anim_int.o
display_bmi_set                                   anim_deathcfg.o
display_dc_mode                                   anim_deathcfg.o
display_death_menu                                anim_deathcfg.o
display_digits                                    anim_death.o
display_dob                                       anim_deathcfg.o
display_gender                                    anim_deathcfg.o
display_menu                                      config.o
display_smoker                                    anim_deathcfg.o
displaymode                                       util.o
                                                  ratt.o
                                                  config.o
                                                  anim_gps.o
                                                  anim_deathcfg.o
displaystyle                                      util.o
                                                  ratt.o
                                                  dispatch.o
                                                  config.o
                                                  anim_gps.o
                                                  anim_deathcfg.o
                                                  anim_abo.o
dispstring                                        anim_ts.o
dotw                                              util.o
                                                  ratt.o
draw7seg_sev                                      anim_sev.o
draw7seg_ts                                       anim_ts.o
drawArrow                                         ratt.o
                                                  config.o
                                                  anim_deathcfg.o
draw_score_rat                                    anim_rat.o
drawbigdigit                                      util.o
                                                  anim_rat.o
                                                  anim_death.o
drawdigit_sev                                     anim_sev.o
drawdigit_ts                                      anim_ts.o
drawdisplay                                       dispatch.o
                                                  ratt.o
drawdisplay_death                                 anim_death.o
                                                  dispatch.o
drawdisplay_int                                   anim_int.o
                                                  dispatch.o
drawdisplay_rat                                   anim_rat.o
                                                  dispatch.o
drawdisplay_sev                                   anim_sev.o
                                                  dispatch.o
drawdisplay_ts                                    anim_ts.o
                                                  dispatch.o
drawdot_sev                                       anim_sev.o
drawdot_ts                                        anim_ts.o
drawmidline                                       anim_rat.o
drawseg_ts                                        anim_ts.o
drawsegment_sev                                   anim_sev.o
drawsegment_ts                                    anim_ts.o
drawvseg_sev                                      anim_sev.o
eeprom_data                                       deathclock.o
encipher                                          util.o
exit                                              c:/winavr-20100110/bin/../lib/gcc/avr/4.3.3/avr5\libgcc.a(_exit.o)
                                                  c:/winavr-20100110/bin/../lib/gcc/avr/4.3.3/../../../../avr/lib/avr5/crtm328p.o
get_font                                          glcd.o
glcdBusyWait                                      ks0108.o
glcdClearScreen                                   ks0108.o
                                                  ratt.o
                                                  config.o
                                                  anim_gps.o
                                                  anim_deathcfg.o
                                                  anim_abo.o
glcdControlRead                                   ks0108.o
glcdControlWrite                                  ks0108.o
glcdControllerSelect                              ks0108.o
glcdDataRead                                      ks0108.o
                                                  glcd.o
glcdDataWrite                                     ks0108.o
                                                  glcd.o
                                                  anim_rat.o
                                                  anim_death.o
glcdDelay                                         ks0108.o
glcdFillCircle                                    glcd.o
                                                  anim_sev.o
glcdFillRectangle                                 glcd.o
                                                  util.o
                                                  ratt.o
                                                  anim_ts.o
                                                  anim_sev.o
                                                  anim_rat.o
                                                  anim_int.o
                                                  anim_death.o
                                                  anim_abo.o
glcdGotoChar                                      ks0108.o
glcdHome                                          ks0108.o
glcdInit                                          ks0108.o
                                                  ratt.o
glcdInitHW                                        ks0108.o
glcdPutStr_ram                                    glcd.o
                                                  ratt.o
glcdPutStr_rom                                    glcd.o
                                                  util.o
                                                  config.o
                                                  anim_gps.o
                                                  anim_deathcfg.o
glcdReset                                         ks0108.o
glcdSetAddress                                    ks0108.o
                                                  util.o
                                                  ratt.o
                                                  glcd.o
                                                  config.o
                                                  anim_rat.o
                                                  anim_int.o
                                                  anim_gps.o
                                                  anim_deathcfg.o
                                                  anim_death.o
                                                  anim_abo.o
glcdSetDot                                        glcd.o
                                                  ratt.o
glcdSetXAddress                                   ks0108.o
glcdSetYAddress                                   ks0108.o
glcdStartLine                                     ks0108.o
                                                  glcd.o
glcdWriteChar                                     glcd.o
                                                  ratt.o
                                                  config.o
                                                  anim_deathcfg.o
                                                  anim_death.o
                                                  anim_abo.o
glcdWriteCharGr                                   glcd.o
                                                  anim_int.o
gpsenable                                         ratt.o
hour_changed                                      ratt.o
                                                  dispatch.o
                                                  anim_ts.o
                                                  anim_sev.o
                                                  anim_rat.o
                                                  anim_int.o
                                                  anim_death.o
hours                                             util.o
                                                  anim_ts.o
                                                  anim_sev.o
                                                  anim_rat.o
                                                  anim_int.o
i2bcd                                             ratt.o
i2cGetReceivedByte                                i2c.o
i2cGetStatus                                      i2c.o
i2cInit                                           i2c.o
                                                  ratt.o
i2cMasterReceiveNI                                i2c.o
                                                  ratt.o
i2cMasterSendNI                                   i2c.o
                                                  ratt.o
i2cReceiveByte                                    i2c.o
i2cSendByte                                       i2c.o
i2cSendStart                                      i2c.o
i2cSendStop                                       i2c.o
i2cSetBitrate                                     i2c.o
i2cWaitForComplete                                i2c.o
init_crand                                        util.o
                                                  dispatch.o
                                                  anim_rat.o
init_crand_consistent                             util.o
                                                  deathclock.o
init_eeprom                                       ratt.o
init_set_death_menu                               anim_deathcfg.o
init_set_menu                                     config.o
initanim                                          dispatch.o
                                                  ratt.o
                                                  anim_abo.o
initanim_GPS                                      anim_gps.o
                                                  dispatch.o
initanim_abo                                      anim_abo.o
                                                  dispatch.o
initanim_death                                    anim_death.o
                                                  dispatch.o
initanim_deathcfg                                 anim_deathcfg.o
                                                  dispatch.o
initanim_int                                      anim_int.o
                                                  dispatch.o
initanim_rat                                      anim_rat.o
                                                  dispatch.o
initanim_sev                                      anim_sev.o
                                                  dispatch.o
initanim_ts                                       anim_ts.o
                                                  dispatch.o
initbuttons                                       buttons.o
                                                  ratt.o
initdisplay                                       dispatch.o
                                                  ratt.o
                                                  anim_death.o
initdisplay_death                                 anim_death.o
                                                  dispatch.o
initdisplay_int                                   anim_int.o
                                                  dispatch.o
initdisplay_rat                                   anim_rat.o
                                                  dispatch.o
initdisplay_sev                                   anim_sev.o
                                                  dispatch.o
initdisplay_ts                                    anim_ts.o
                                                  dispatch.o
intersectrect                                     util.o
                                                  anim_rat.o
                                                  anim_death.o
is_leap_year                                      deathclock.o
just_pressed                                      buttons.o
                                                  util.o
                                                  ratt.o
                                                  config.o
                                                  anim_gps.o
                                                  anim_deathcfg.o
key                                               util.o
last_buttonstate                                  buttons.o
last_score_mode                                   anim_death.o
                                                  ratt.o
last_score_mode2                                  anim_int.o
last_score_mode_rat                               anim_rat.o
last_score_mode_sev                               anim_sev.o
leapyear                                          ratt.o
                                                  util.o
                                                  deathclock.o
left_score                                        anim_rat.o
                                                  anim_int.o
                                                  anim_death.o
left_score2                                       anim_int.o
leftpaddle_y                                      anim_rat.o
load_etd                                          deathclock.o
                                                  anim_deathcfg.o
                                                  anim_death.o
load_raw_etd                                      deathclock.o
logo_p                                            anim_abo.o
main                                              ratt.o
                                                  c:/winavr-20100110/bin/../lib/gcc/avr/4.3.3/../../../../avr/lib/avr5/crtm328p.o
millis                                            ratt.o
minute_changed                                    ratt.o
                                                  dispatch.o
                                                  anim_ts.o
                                                  anim_sev.o
                                                  anim_rat.o
                                                  anim_int.o
                                                  anim_death.o
minutes_left                                      deathclock.o
                                                  anim_death.o
move_paddle                                       anim_rat.o
next_border                                       anim_death.o
next_mode_setdate                                 config.o
                                                  anim_deathcfg.o
next_mode_setday                                  config.o
                                                  anim_deathcfg.o
next_mode_setmonth                                config.o
                                                  anim_deathcfg.o
normal_bmi_female                                 deathclock.o
normal_bmi_male                                   deathclock.o
normal_smoking_female                             deathclock.o
normal_smoking_male                               deathclock.o
numbertable                                       eeprom.o
                                                  anim_ts.o
                                                  anim_sev.o
old_h                                             ratt.o
                                                  anim_rat.o
                                                  anim_death.o
old_m                                             ratt.o
                                                  anim_rat.o
                                                  anim_death.o
old_minutes_left                                  deathclock.o